Archive member included to satisfy reference by file (symbol)

C:/Renesas/RA/e2studio_v2025-01_fsp_v5.8.0/toolchains/gcc_arm/13.2.rel1/bin/../lib/gcc/arm-none-eabi/13.2.1/thumb/v8-m.main+dp/hard\libgcc.a(_aeabi_ldivmod.o)
                              ./ra/fsp/src/r_sci_b_uart/r_sci_b_uart.o (__aeabi_ldivmod)
C:/Renesas/RA/e2studio_v2025-01_fsp_v5.8.0/toolchains/gcc_arm/13.2.rel1/bin/../lib/gcc/arm-none-eabi/13.2.1/thumb/v8-m.main+dp/hard\libgcc.a(_udivmoddi4.o)
                              C:/Renesas/RA/e2studio_v2025-01_fsp_v5.8.0/toolchains/gcc_arm/13.2.rel1/bin/../lib/gcc/arm-none-eabi/13.2.1/thumb/v8-m.main+dp/hard\libgcc.a(_aeabi_ldivmod.o) (__udivmoddi4)
C:/Renesas/RA/e2studio_v2025-01_fsp_v5.8.0/toolchains/gcc_arm/13.2.rel1/bin/../lib/gcc/arm-none-eabi/13.2.1/thumb/v8-m.main+dp/hard\libgcc.a(_dvmd_tls.o)
                              C:/Renesas/RA/e2studio_v2025-01_fsp_v5.8.0/toolchains/gcc_arm/13.2.rel1/bin/../lib/gcc/arm-none-eabi/13.2.1/thumb/v8-m.main+dp/hard\libgcc.a(_aeabi_ldivmod.o) (__aeabi_ldiv0)
C:/Renesas/RA/e2studio_v2025-01_fsp_v5.8.0/toolchains/gcc_arm/13.2.rel1/bin/../lib/gcc/arm-none-eabi/13.2.1/thumb/v8-m.main+dp/hard\libg_nano.a(libc_a-exit.o)
                              C:/Renesas/RA/e2studio_v2025-01_fsp_v5.8.0/toolchains/gcc_arm/13.2.rel1/bin/../lib/gcc/arm-none-eabi/13.2.1/thumb/v8-m.main+dp/hard/crt0.o (exit)
C:/Renesas/RA/e2studio_v2025-01_fsp_v5.8.0/toolchains/gcc_arm/13.2.rel1/bin/../lib/gcc/arm-none-eabi/13.2.1/thumb/v8-m.main+dp/hard\libg_nano.a(libc_a-findfp.o)
                              C:/Renesas/RA/e2studio_v2025-01_fsp_v5.8.0/toolchains/gcc_arm/13.2.rel1/bin/../lib/gcc/arm-none-eabi/13.2.1/thumb/v8-m.main+dp/hard\libg_nano.a(libc_a-exit.o) (__stdio_exit_handler)
C:/Renesas/RA/e2studio_v2025-01_fsp_v5.8.0/toolchains/gcc_arm/13.2.rel1/bin/../lib/gcc/arm-none-eabi/13.2.1/thumb/v8-m.main+dp/hard\libg_nano.a(libc_a-fwalk.o)
                              C:/Renesas/RA/e2studio_v2025-01_fsp_v5.8.0/toolchains/gcc_arm/13.2.rel1/bin/../lib/gcc/arm-none-eabi/13.2.1/thumb/v8-m.main+dp/hard\libg_nano.a(libc_a-findfp.o) (_fwalk_sglue)
C:/Renesas/RA/e2studio_v2025-01_fsp_v5.8.0/toolchains/gcc_arm/13.2.rel1/bin/../lib/gcc/arm-none-eabi/13.2.1/thumb/v8-m.main+dp/hard\libg_nano.a(libc_a-stdio.o)
                              C:/Renesas/RA/e2studio_v2025-01_fsp_v5.8.0/toolchains/gcc_arm/13.2.rel1/bin/../lib/gcc/arm-none-eabi/13.2.1/thumb/v8-m.main+dp/hard\libg_nano.a(libc_a-findfp.o) (__sread)
C:/Renesas/RA/e2studio_v2025-01_fsp_v5.8.0/toolchains/gcc_arm/13.2.rel1/bin/../lib/gcc/arm-none-eabi/13.2.1/thumb/v8-m.main+dp/hard\libg_nano.a(libc_a-memset.o)
                              C:/Renesas/RA/e2studio_v2025-01_fsp_v5.8.0/toolchains/gcc_arm/13.2.rel1/bin/../lib/gcc/arm-none-eabi/13.2.1/thumb/v8-m.main+dp/hard/crt0.o (memset)
C:/Renesas/RA/e2studio_v2025-01_fsp_v5.8.0/toolchains/gcc_arm/13.2.rel1/bin/../lib/gcc/arm-none-eabi/13.2.1/thumb/v8-m.main+dp/hard\libg_nano.a(libc_a-closer.o)
                              C:/Renesas/RA/e2studio_v2025-01_fsp_v5.8.0/toolchains/gcc_arm/13.2.rel1/bin/../lib/gcc/arm-none-eabi/13.2.1/thumb/v8-m.main+dp/hard\libg_nano.a(libc_a-stdio.o) (_close_r)
C:/Renesas/RA/e2studio_v2025-01_fsp_v5.8.0/toolchains/gcc_arm/13.2.rel1/bin/../lib/gcc/arm-none-eabi/13.2.1/thumb/v8-m.main+dp/hard\libg_nano.a(libc_a-reent.o)
                              C:/Renesas/RA/e2studio_v2025-01_fsp_v5.8.0/toolchains/gcc_arm/13.2.rel1/bin/../lib/gcc/arm-none-eabi/13.2.1/thumb/v8-m.main+dp/hard\libg_nano.a(libc_a-closer.o) (errno)
C:/Renesas/RA/e2studio_v2025-01_fsp_v5.8.0/toolchains/gcc_arm/13.2.rel1/bin/../lib/gcc/arm-none-eabi/13.2.1/thumb/v8-m.main+dp/hard\libg_nano.a(libc_a-impure.o)
                              C:/Renesas/RA/e2studio_v2025-01_fsp_v5.8.0/toolchains/gcc_arm/13.2.rel1/bin/../lib/gcc/arm-none-eabi/13.2.1/thumb/v8-m.main+dp/hard\libg_nano.a(libc_a-reent.o) (_impure_ptr)
C:/Renesas/RA/e2studio_v2025-01_fsp_v5.8.0/toolchains/gcc_arm/13.2.rel1/bin/../lib/gcc/arm-none-eabi/13.2.1/thumb/v8-m.main+dp/hard\libg_nano.a(libc_a-lseekr.o)
                              C:/Renesas/RA/e2studio_v2025-01_fsp_v5.8.0/toolchains/gcc_arm/13.2.rel1/bin/../lib/gcc/arm-none-eabi/13.2.1/thumb/v8-m.main+dp/hard\libg_nano.a(libc_a-stdio.o) (_lseek_r)
C:/Renesas/RA/e2studio_v2025-01_fsp_v5.8.0/toolchains/gcc_arm/13.2.rel1/bin/../lib/gcc/arm-none-eabi/13.2.1/thumb/v8-m.main+dp/hard\libg_nano.a(libc_a-readr.o)
                              C:/Renesas/RA/e2studio_v2025-01_fsp_v5.8.0/toolchains/gcc_arm/13.2.rel1/bin/../lib/gcc/arm-none-eabi/13.2.1/thumb/v8-m.main+dp/hard\libg_nano.a(libc_a-stdio.o) (_read_r)
C:/Renesas/RA/e2studio_v2025-01_fsp_v5.8.0/toolchains/gcc_arm/13.2.rel1/bin/../lib/gcc/arm-none-eabi/13.2.1/thumb/v8-m.main+dp/hard\libg_nano.a(libc_a-writer.o)
                              C:/Renesas/RA/e2studio_v2025-01_fsp_v5.8.0/toolchains/gcc_arm/13.2.rel1/bin/../lib/gcc/arm-none-eabi/13.2.1/thumb/v8-m.main+dp/hard\libg_nano.a(libc_a-stdio.o) (_write_r)
[...]
Memory Configuration

Name             Origin             Length             Attributes
ITCM             0x00000000         0x00010000         xr
DTCM             0x20000000         0x00010000         xrw
FLASH            0x02000000         0x001f8000         xr
RAM              0x22000000         0x000e0000         xrw
DATA_FLASH       0x27000000         0x00003000         xr
QSPI_FLASH       0x60000000         0x00000000         xr
OSPI_DEVICE_0    0x80000000         0x10000000         xr
OSPI_DEVICE_1    0x90000000         0x10000000         xr
OSPI_DEVICE_0_RAM 0x80000000         0x10000000         xrw
OSPI_DEVICE_1_RAM 0x90000000         0x10000000         xrw
SDRAM            0x68000000         0x08000000         xrw
OPTION_SETTING   0x0300a100         0x00000100         r
OPTION_SETTING_OFS 0x0300a100         0x00000018         r
OPTION_SETTING_SAS 0x0300a134         0x000000cc         r
OPTION_SETTING_S 0x0300a200         0x00000100         r
OPTION_SETTING_DATA_FLASH_S 0x27030080         0x00000800         r
ID_CODE          0x00000000         0x00000000         xr
*default*        0x00000000         0xffffffff

Linker script and memory map

LOAD C:/Renesas/RA/e2studio_v2025-01_fsp_v5.8.0/toolchains/gcc_arm/13.2.rel1/bin/../lib/gcc/arm-none-eabi/13.2.1/thumb/v8-m.main+dp/hard/crti.o
LOAD C:/Renesas/RA/e2studio_v2025-01_fsp_v5.8.0/toolchains/gcc_arm/13.2.rel1/bin/../lib/gcc/arm-none-eabi/13.2.1/thumb/v8-m.main+dp/hard/crtbegin.o
LOAD C:/Renesas/RA/e2studio_v2025-01_fsp_v5.8.0/toolchains/gcc_arm/13.2.rel1/bin/../lib/gcc/arm-none-eabi/13.2.1/thumb/v8-m.main+dp/hard/crt0.o
START GROUP
LOAD ./src/SEGGER_RTT/SEGGER_RTT.o
LOAD ./src/SEGGER_RTT/SEGGER_RTT_printf.o
LOAD ./src/I2C_device_icm42670/i2c_api_icm42670.o
LOAD ./src/I2C_device_icm42670/i2c_comm_icm42670_interface.o
LOAD ./src/I2C_device_icm42670/i2c_io_icm42670.o
LOAD ./src/I2C_device_icm42670/i2c_iodrm_icm42670.o
LOAD ./src/I2C_common/I2C_common.o
LOAD ./src/common_init.o
LOAD ./src/hal_entry.o
LOAD ./src/r_usb_pcdc_descriptor.o
LOAD ./ra_gen/common_data.o
LOAD ./ra_gen/hal_data.o
LOAD ./ra_gen/main.o
LOAD ./ra_gen/pin_data.o
LOAD ./ra_gen/vector_data.o
LOAD ./ra/fsp/src/rm_comms_i2c/rm_comms_i2c.o
LOAD ./ra/fsp/src/rm_comms_i2c/rm_comms_i2c_driver_ra.o
LOAD ./ra/fsp/src/r_usb_pcdc/src/r_usb_pcdc_driver.o
LOAD ./ra/fsp/src/r_usb_basic/src/hw/r_usb_creg_abs.o
LOAD ./ra/fsp/src/r_usb_basic/src/hw/r_usb_creg_access.o
LOAD ./ra/fsp/src/r_usb_basic/src/hw/r_usb_dma.o
LOAD ./ra/fsp/src/r_usb_basic/src/hw/r_usb_hostelectrical.o
LOAD ./ra/fsp/src/r_usb_basic/src/hw/r_usb_hreg_abs.o
LOAD ./ra/fsp/src/r_usb_basic/src/hw/r_usb_hreg_access.o
LOAD ./ra/fsp/src/r_usb_basic/src/hw/r_usb_mcu.o
LOAD ./ra/fsp/src/r_usb_basic/src/hw/r_usb_preg_abs.o
LOAD ./ra/fsp/src/r_usb_basic/src/hw/r_usb_preg_access.o
LOAD ./ra/fsp/src/r_usb_basic/src/driver/r_usb_cdataio.o
LOAD ./ra/fsp/src/r_usb_basic/src/driver/r_usb_clibusbip.o
LOAD ./ra/fsp/src/r_usb_basic/src/driver/r_usb_cstd_rtos.o
LOAD ./ra/fsp/src/r_usb_basic/src/driver/r_usb_hbc.o
LOAD ./ra/fsp/src/r_usb_basic/src/driver/r_usb_hcontrolrw.o
LOAD ./ra/fsp/src/r_usb_basic/src/driver/r_usb_hdriver.o
LOAD ./ra/fsp/src/r_usb_basic/src/driver/r_usb_hhubsys.o
LOAD ./ra/fsp/src/r_usb_basic/src/driver/r_usb_hintfifo.o
LOAD ./ra/fsp/src/r_usb_basic/src/driver/r_usb_hinthandler_usbip0.o
LOAD ./ra/fsp/src/r_usb_basic/src/driver/r_usb_hinthandler_usbip1.o
LOAD ./ra/fsp/src/r_usb_basic/src/driver/r_usb_hlibusbip.o
LOAD ./ra/fsp/src/r_usb_basic/src/driver/r_usb_hmanager.o
LOAD ./ra/fsp/src/r_usb_basic/src/driver/r_usb_hscheduler.o
LOAD ./ra/fsp/src/r_usb_basic/src/driver/r_usb_hsignal.o
LOAD ./ra/fsp/src/r_usb_basic/src/driver/r_usb_hstdfunction.o
LOAD ./ra/fsp/src/r_usb_basic/src/driver/r_usb_pbc.o
LOAD ./ra/fsp/src/r_usb_basic/src/driver/r_usb_pcontrolrw.o
LOAD ./ra/fsp/src/r_usb_basic/src/driver/r_usb_pdriver.o
LOAD ./ra/fsp/src/r_usb_basic/src/driver/r_usb_pintfifo.o
LOAD ./ra/fsp/src/r_usb_basic/src/driver/r_usb_pinthandler_usbip0.o
LOAD ./ra/fsp/src/r_usb_basic/src/driver/r_usb_plibusbip.o
LOAD ./ra/fsp/src/r_usb_basic/src/driver/r_usb_psignal.o
LOAD ./ra/fsp/src/r_usb_basic/src/driver/r_usb_pstdfunction.o
LOAD ./ra/fsp/src/r_usb_basic/src/driver/r_usb_pstdrequest.o
LOAD ./ra/fsp/src/r_usb_basic/r_usb_basic.o
LOAD ./ra/fsp/src/r_sci_b_uart/r_sci_b_uart.o
LOAD ./ra/fsp/src/r_ioport/r_ioport.o
LOAD ./ra/fsp/src/r_iic_master/r_iic_master.o
LOAD ./ra/fsp/src/r_icu/r_icu.o
LOAD ./ra/fsp/src/r_dtc/r_dtc.o
LOAD ./ra/fsp/src/r_agt/r_agt.o
LOAD ./ra/fsp/src/bsp/mcu/all/bsp_clocks.o
LOAD ./ra/fsp/src/bsp/mcu/all/bsp_common.o
LOAD ./ra/fsp/src/bsp/mcu/all/bsp_delay.o
LOAD ./ra/fsp/src/bsp/mcu/all/bsp_group_irq.o
LOAD ./ra/fsp/src/bsp/mcu/all/bsp_guard.o
LOAD ./ra/fsp/src/bsp/mcu/all/bsp_io.o
LOAD ./ra/fsp/src/bsp/mcu/all/bsp_irq.o
LOAD ./ra/fsp/src/bsp/mcu/all/bsp_macl.o
LOAD ./ra/fsp/src/bsp/mcu/all/bsp_register_protection.o
LOAD ./ra/fsp/src/bsp/mcu/all/bsp_rom_registers.o
LOAD ./ra/fsp/src/bsp/mcu/all/bsp_sbrk.o
LOAD ./ra/fsp/src/bsp/mcu/all/bsp_sdram.o
LOAD ./ra/fsp/src/bsp/mcu/all/bsp_security.o
LOAD ./ra/fsp/src/bsp/cmsis/Device/RENESAS/Source/startup.o
LOAD ./ra/fsp/src/bsp/cmsis/Device/RENESAS/Source/system.o
LOAD ./ra/board/ra8d1_aik/board_init.o
LOAD ./ra/board/ra8d1_aik/board_leds.o
END GROUP
START GROUP
LOAD C:/Renesas/RA/e2studio_v2025-01_fsp_v5.8.0/toolchains/gcc_arm/13.2.rel1/bin/../lib/gcc/arm-none-eabi/13.2.1/thumb/v8-m.main+dp/hard\libgcc.a
LOAD C:/Renesas/RA/e2studio_v2025-01_fsp_v5.8.0/toolchains/gcc_arm/13.2.rel1/bin/../lib/gcc/arm-none-eabi/13.2.1/thumb/v8-m.main+dp/hard\libg_nano.a
LOAD C:/Renesas/RA/e2studio_v2025-01_fsp_v5.8.0/toolchains/gcc_arm/13.2.rel1/bin/../lib/gcc/arm-none-eabi/13.2.1/thumb/v8-m.main+dp/hard\libc_nano.a
END GROUP
START GROUP
LOAD C:/Renesas/RA/e2studio_v2025-01_fsp_v5.8.0/toolchains/gcc_arm/13.2.rel1/bin/../lib/gcc/arm-none-eabi/13.2.1/thumb/v8-m.main+dp/hard\libgcc.a
LOAD C:/Renesas/RA/e2studio_v2025-01_fsp_v5.8.0/toolchains/gcc_arm/13.2.rel1/bin/../lib/gcc/arm-none-eabi/13.2.1/thumb/v8-m.main+dp/hard\libc_nano.a
END GROUP
LOAD C:/Renesas/RA/e2studio_v2025-01_fsp_v5.8.0/toolchains/gcc_arm/13.2.rel1/bin/../lib/gcc/arm-none-eabi/13.2.1/thumb/v8-m.main+dp/hard/crtend.o
LOAD C:/Renesas/RA/e2studio_v2025-01_fsp_v5.8.0/toolchains/gcc_arm/13.2.rel1/bin/../lib/gcc/arm-none-eabi/13.2.1/thumb/v8-m.main+dp/hard/crtn.o
                0x22000000                        RAM_START = 0x22000000
                0x000e0000                        RAM_LENGTH = 0xe0000
                0x02000000                        FLASH_START = 0x2000000
                0x001f8000                        FLASH_LENGTH = 0x1f8000
                0x27000000                        DATA_FLASH_START = 0x27000000
                0x00003000                        DATA_FLASH_LENGTH = 0x3000
                0x0300a100                        OPTION_SETTING_START = 0x300a100
                0x00000100                        OPTION_SETTING_LENGTH = 0x100
                0x0300a200                        OPTION_SETTING_S_START = 0x300a200
                0x00000100                        OPTION_SETTING_S_LENGTH = 0x100
                0x27030080                        OPTION_SETTING_DATA_FLASH_S_START = 0x27030080
                0x00000800                        OPTION_SETTING_DATA_FLASH_S_LENGTH = 0x800
                0x00000000                        ID_CODE_START = 0x0
                0x00000000                        ID_CODE_LENGTH = 0x0
                0x68000000                        SDRAM_START = 0x68000000
                0x08000000                        SDRAM_LENGTH = 0x8000000
                0x60000000                        QSPI_FLASH_START = 0x60000000
                0x00000000                        QSPI_FLASH_LENGTH = 0x0
                0x80000000                        OSPI_DEVICE_0_START = 0x80000000
                0x10000000                        OSPI_DEVICE_0_LENGTH = 0x10000000
                0x90000000                        OSPI_DEVICE_1_START = 0x90000000
                0x10000000                        OSPI_DEVICE_1_LENGTH = 0x10000000
                0x00000000                        ITCM_START = 0x0
                0x00010000                        ITCM_LENGTH = 0x10000
                0x20000000                        DTCM_START = 0x20000000
                0x00010000                        DTCM_LENGTH = 0x10000
                0x10000000                        NS_OFFSET_START = 0x10000000
                0x00000000                        NS_OFFSET_LENGTH = 0x0
                0x00000000                        QSPI_FLASH_PRV_LENGTH = DEFINED (QSPI_FLASH_SIZE)?ABSOLUTE (QSPI_FLASH_SIZE):ABSOLUTE (QSPI_FLASH_LENGTH)
                0x10000000                        OSPI_DEVICE_0_PRV_LENGTH = DEFINED (OSPI_DEVICE_0_SIZE)?ABSOLUTE (OSPI_DEVICE_0_SIZE):ABSOLUTE (OSPI_DEVICE_0_LENGTH)
                0x10000000                        OSPI_DEVICE_1_PRV_LENGTH = DEFINED (OSPI_DEVICE_1_SIZE)?ABSOLUTE (OSPI_DEVICE_1_SIZE):ABSOLUTE (OSPI_DEVICE_1_LENGTH)
                0x00000000                        __RESERVE_NS_RAM = ((! (DEFINED (PROJECT_NONSECURE)) && DEFINED (RAM_NS_BUFFER_LENGTH)) && (OPTION_SETTING_S_LENGTH != 0x0))
                0x00000000                        ITCM_START = DEFINED (ITCM_START)?ITCM_START:0x0
                0x00010000                        ITCM_LENGTH = DEFINED (ITCM_LENGTH)?ITCM_LENGTH:0x0
                0x20000000                        DTCM_START = DEFINED (DTCM_START)?DTCM_START:0x0
                0x00010000                        DTCM_LENGTH = DEFINED (DTCM_LENGTH)?DTCM_LENGTH:0x0
                0x00000000                        RAM_NS_BUFFER_BLOCK_LENGTH = DEFINED (RAM_NS_BUFFER_LENGTH)?ALIGN (RAM_NS_BUFFER_LENGTH, 0x2000):0x0
                0x00000000                        RAM_NS_BUFFER_LENGTH = DEFINED (RAM_NS_BUFFER_LENGTH)?RAM_NS_BUFFER_LENGTH:0x0
                0x220e0000                        RAM_NS_BUFFER_START = ((RAM_START + RAM_LENGTH) - RAM_NS_BUFFER_LENGTH)
                0x220e0000                        RAM_NS_BUFFER_BLOCK_START = ((RAM_START + RAM_LENGTH) - RAM_NS_BUFFER_BLOCK_LENGTH)
                0x0300a180                        OPTION_SETTING_START_NS = DEFINED (PROJECT_NONSECURE)?OPTION_SETTING_START:(OPTION_SETTING_START + 0x80)
                0x27030080                        OPTION_SETTING_DATA_FLASH_S_START = DEFINED (OPTION_SETTING_DATA_FLASH_S_START)?OPTION_SETTING_DATA_FLASH_S_START:0x0
                0x00000800                        OPTION_SETTING_DATA_FLASH_S_LENGTH = DEFINED (OPTION_SETTING_DATA_FLASH_S_LENGTH)?OPTION_SETTING_DATA_FLASH_S_LENGTH:0x0
                0x00000001                        __bl_FSP_BOOTABLE_IMAGE = 0x1
                0x00000001                        __bln_FSP_BOOTABLE_IMAGE = 0x1
                0x00000001                        PROJECT_SECURE_OR_FLAT = (((! (DEFINED (PROJECT_NONSECURE)) || DEFINED (PROJECT_SECURE)) && OPTION_SETTING_LENGTH) && ! (DEFINED (FSP_BOOTABLE_IMAGE)))
                0x00000000                        USE_OPTION_SETTING_NS = (DEFINED (PROJECT_NONSECURE) && ! (DEFINED (FSP_BOOTABLE_IMAGE)))
                0x00000001                        USE_OPTION_SETTING_DATA_FLASH = (PROJECT_SECURE_OR_FLAT && (OPTION_SETTING_DATA_FLASH_S_LENGTH != 0x0))
                0x00000000                        __bl_FLASH_IMAGE_START = ! (DEFINED (FLASH_BOOTLOADER_LENGTH))?0x0:(FLASH_APPLICATION_IMAGE_NUMBER == 0x1)?((FLASH_START + FLASH_BOOTLOADER_LENGTH) + FLASH_BOOTLOADER_HEADER_LENGTH):(DEFINED (BOOTLOADER_SECONDARY_USE_QSPI) || DEFINED (BOOTLOADER_SECONDARY_USE_OSPI_B))?(((FLASH_START + FLASH_BOOTLOADER_LENGTH) + FLASH_BOOTLOADER_SCRATCH_LENGTH) + FLASH_BOOTLOADER_HEADER_LENGTH):((((FLASH_START + FLASH_BOOTLOADER_LENGTH) + FLASH_BOOTLOADER_SCRATCH_LENGTH) + FLASH_APPLICATION_S_LENGTH) + FLASH_BOOTLOADER_HEADER_LENGTH)
                0x00000000                        __bl_FLASH_IMAGE_LENGTH = ! (DEFINED (FLASH_BOOTLOADER_LENGTH))?0x0:(FLASH_APPLICATION_S_LENGTH - FLASH_BOOTLOADER_HEADER_LENGTH)
                0x00000000                        __bl_FLASH_IMAGE_END = (__bl_FLASH_IMAGE_START + __bl_FLASH_IMAGE_LENGTH)
                0x00000000                        __bl_XIP_SECONDARY_FLASH_IMAGE_START = ! (DEFINED (FLASH_BOOTLOADER_LENGTH))?0x0:(((FLASH_START + FLASH_BOOTLOADER_LENGTH) + FLASH_APPLICATION_S_LENGTH) + FLASH_BOOTLOADER_HEADER_LENGTH)
                0x00000000                        __bl_XIP_SECONDARY_FLASH_IMAGE_END = (__bl_XIP_SECONDARY_FLASH_IMAGE_START + __bl_FLASH_IMAGE_LENGTH)
                0x00000000                        __bl_FLASH_IMAGE_START_FROM_MMF_REGION = DEFINED (BOOT_IMAGE_FROM_MMF_REGION)?BOOT_IMAGE_FROM_MMF_REGION:0x0
                0x00000000                        __bl_MEMORY_MIRROR_REGION_START = DEFINED (MMF_REGION_START_ADDR)?MMF_REGION_START_ADDR:0x0
                0x00000000                        __bl_FLASH_NS_START = ! (DEFINED (FLASH_BOOTLOADER_LENGTH))?0x0:(FLASH_APPLICATION_NS_LENGTH == 0x0)?__bl_FLASH_IMAGE_END:((__bl_FLASH_IMAGE_START - FLASH_BOOTLOADER_HEADER_LENGTH) + FLASH_APPLICATION_S_LENGTH)
                0x00000000                        __bl_FLASH_NSC_START = ! (DEFINED (FLASH_BOOTLOADER_LENGTH))?0x0:(FLASH_APPLICATION_NS_LENGTH == 0x0)?__bl_FLASH_IMAGE_END:(__bl_FLASH_IMAGE_END - FLASH_APPLICATION_NSC_LENGTH)
                0x00000000                        __bl_RAM_NS_START = ! (DEFINED (FLASH_BOOTLOADER_LENGTH))?0x0:(FLASH_APPLICATION_NS_LENGTH == 0x0)?(RAM_START + RAM_LENGTH):((RAM_START + RAM_LENGTH) - RAM_APPLICATION_NS_LENGTH)
                0x00000000                        __bl_RAM_NSC_START = ! (DEFINED (FLASH_BOOTLOADER_LENGTH))?0x0:(FLASH_APPLICATION_NS_LENGTH == 0x0)?(RAM_START + RAM_LENGTH):(__bl_RAM_NS_START - RAM_APPLICATION_NSC_LENGTH)
                0x00000000                        __bl_FLASH_NS_IMAGE_START = ! (DEFINED (FLASH_BOOTLOADER_LENGTH))?0x0:(FLASH_APPLICATION_NS_LENGTH == 0x0)?__bl_FLASH_IMAGE_END:(__bl_FLASH_NS_START + FLASH_BOOTLOADER_HEADER_LENGTH_2)
                0x10000000                        __bln_FLASH_IMAGE_START = (__bl_FLASH_NS_IMAGE_START | ! (DEFINED (NS_OFFSET_START))?0x0:NS_OFFSET_START)
                0x00000000                        __bln_FLASH_IMAGE_LENGTH = ! (DEFINED (FLASH_BOOTLOADER_LENGTH))?0x0:(FLASH_APPLICATION_NS_LENGTH == 0x0)?__bl_FLASH_IMAGE_END:(FLASH_APPLICATION_NS_LENGTH - FLASH_BOOTLOADER_HEADER_LENGTH_2)
                0x00000000                        XIP_SECONDARY_SLOT_IMAGE = DEFINED (XIP_SECONDARY_SLOT_IMAGE)?XIP_SECONDARY_SLOT_IMAGE:0x0
                0x00000000                        FLASH_IMAGE_START_FROM_MMF_REGION = ! (DEFINED (FLASH_IMAGE_START_FROM_MMF_REGION))?0x0:FLASH_IMAGE_START_FROM_MMF_REGION
                0x00000000                        MEMORY_MIRROR_REGION_START = ! (DEFINED (MEMORY_MIRROR_REGION_START))?0x0:MEMORY_MIRROR_REGION_START
                0x02000000                        FLASH_ORIGIN = ! (DEFINED (FLASH_IMAGE_START))?FLASH_START:(XIP_SECONDARY_SLOT_IMAGE == 0x1)?XIP_SECONDARY_FLASH_IMAGE_START:(FLASH_IMAGE_START_FROM_MMF_REGION == 0x1)?MEMORY_MIRROR_REGION_START:FLASH_IMAGE_START
                0x001f8000                        LIMITED_FLASH_LENGTH = DEFINED (FLASH_IMAGE_LENGTH)?FLASH_IMAGE_LENGTH:DEFINED (FLASH_BOOTLOADER_LENGTH)?FLASH_BOOTLOADER_LENGTH:FLASH_LENGTH
                0x00000034                        OPTION_SETTING_SAS_SIZE = 0x34
                0x000000cc                        OPTION_SETTING_SAS_LENGTH = ! (DEFINED (OPTION_SETTING_LENGTH))?0x0:(OPTION_SETTING_LENGTH == 0x0)?0x0:(OPTION_SETTING_LENGTH - OPTION_SETTING_SAS_SIZE)
START GROUP
LOAD C:/Renesas/RA/e2studio_v2025-01_fsp_v5.8.0/toolchains/gcc_arm/13.2.rel1/bin/../lib/gcc/arm-none-eabi/13.2.1/thumb/v8-m.main+dp/hard\libgcc.a
LOAD C:/Renesas/RA/e2studio_v2025-01_fsp_v5.8.0/toolchains/gcc_arm/13.2.rel1/bin/../lib/gcc/arm-none-eabi/13.2.1/thumb/v8-m.main+dp/hard\libc.a
LOAD C:/Renesas/RA/e2studio_v2025-01_fsp_v5.8.0/toolchains/gcc_arm/13.2.rel1/bin/../lib/gcc/arm-none-eabi/13.2.1/thumb/v8-m.main+dp/hard\libm.a
END GROUP

.text           0x02000000     0x83fc
                0x02000000                        __tz_FLASH_S = ABSOLUTE (FLASH_START)
                0x02000000                        __ROM_Start = .
 *(.fixed_vectors*)
 .fixed_vectors
                0x02000000       0x40 ./ra/fsp/src/bsp/cmsis/Device/RENESAS/Source/startup.o
                0x02000000                __Vectors
 *(.application_vectors*)
 .application_vectors
                0x02000040      0x180 ./ra_gen/vector_data.o
                0x02000040                g_vector_table
                0x020001c0                        __Vectors_End = .
 *(.flash_gap*)
                0x020001c0                        . = (OPTION_SETTING_LENGTH > 0x0)?.:(__ROM_Start + 0x400)
 *(.rom_registers*)
 *(.mcuboot_sce9_key*)
 *(.text*)
 .text.deregister_tm_clones
                0x020001c0       0x1c C:/Renesas/RA/e2studio_v2025-01_fsp_v5.8.0/toolchains/gcc_arm/13.2.rel1/bin/../lib/gcc/arm-none-eabi/13.2.1/thumb/v8-m.main+dp/hard/crtbegin.o
 .text.register_tm_clones
                0x020001dc       0x28 C:/Renesas/RA/e2studio_v2025-01_fsp_v5.8.0/toolchains/gcc_arm/13.2.rel1/bin/../lib/gcc/arm-none-eabi/13.2.1/thumb/v8-m.main+dp/hard/crtbegin.o
 .text.__do_global_dtors_aux
                0x02000204       0x28 C:/Renesas/RA/e2studio_v2025-01_fsp_v5.8.0/toolchains/gcc_arm/13.2.rel1/bin/../lib/gcc/arm-none-eabi/13.2.1/thumb/v8-m.main+dp/hard/crtbegin.o
 .text.frame_dummy
                0x0200022c       0x24 C:/Renesas/RA/e2studio_v2025-01_fsp_v5.8.0/toolchains/gcc_arm/13.2.rel1/bin/../lib/gcc/arm-none-eabi/13.2.1/thumb/v8-m.main+dp/hard/crtbegin.o
 .text._WriteNoCheck
                0x02000250       0x38 ./src/SEGGER_RTT/SEGGER_RTT.o
 .text._WriteBlocking
                0x02000288       0x60 ./src/SEGGER_RTT/SEGGER_RTT.o
 .text._DoInit  0x020002e8       0x6c ./src/SEGGER_RTT/SEGGER_RTT.o
 .text.SEGGER_RTT_WriteNoLock
                0x02000354       0x7c ./src/SEGGER_RTT/SEGGER_RTT.o
                0x02000354                SEGGER_RTT_WriteNoLock
 .text.SEGGER_RTT_Write
                0x020003d0       0x34 ./src/SEGGER_RTT/SEGGER_RTT.o
                0x020003d0                SEGGER_RTT_Write
 .text._StoreChar
                0x02000404       0x40 ./src/SEGGER_RTT/SEGGER_RTT_printf.o
 .text._PrintUnsigned
                0x02000444       0xf4 ./src/SEGGER_RTT/SEGGER_RTT_printf.o
 .text.SEGGER_RTT_vprintf
                0x02000538      0x39c ./src/SEGGER_RTT/SEGGER_RTT_printf.o
                0x02000538                SEGGER_RTT_vprintf
 .text.SEGGER_RTT_printf
                0x020008d4       0x20 ./src/SEGGER_RTT/SEGGER_RTT_printf.o
                0x020008d4                SEGGER_RTT_printf
 .text.i2c_api_icm42670_open
                0x020008f4       0x68 ./src/I2C_device_icm42670/i2c_api_icm42670.o
                0x020008f4                i2c_api_icm42670_open
 .text.i2c_api_icm42670_get_who_am_i
                0x0200095c        0xc ./src/I2C_device_icm42670/i2c_api_icm42670.o
                0x0200095c                i2c_api_icm42670_get_who_am_i
 .text.i2c_api_icm42670_measurementStart
                0x02000968        0x4 ./src/I2C_device_icm42670/i2c_api_icm42670.o
                0x02000968                i2c_api_icm42670_measurementStart
 .text.i2c_api_icm42670_accelRead
                0x0200096c        0x4 ./src/I2C_device_icm42670/i2c_api_icm42670.o
                0x0200096c                i2c_api_icm42670_accelRead
 .text.i2c_api_icm42670_gyroRead
                0x02000970        0x4 ./src/I2C_device_icm42670/i2c_api_icm42670.o
                0x02000970                i2c_api_icm42670_gyroRead
 .text.i2c_api_icm42670_deviceInterruptCfgSet
                0x02000974       0x14 ./src/I2C_device_icm42670/i2c_api_icm42670.o
                0x02000974                i2c_api_icm42670_deviceInterruptCfgSet
 .text.i2c_api_icm42670_deviceInterruptCfgGet
                0x02000988        0x4 ./src/I2C_device_icm42670/i2c_api_icm42670.o
                0x02000988                i2c_api_icm42670_deviceInterruptCfgGet
 .text.i2c_api_icm42670_irq_callback
                0x0200098c        0xc ./src/I2C_device_icm42670/i2c_api_icm42670.o
                0x0200098c                i2c_api_icm42670_irq_callback
 .text.i2c_api_icm42670_accel_setMode
                0x02000998        0x4 ./src/I2C_device_icm42670/i2c_api_icm42670.o
                0x02000998                i2c_api_icm42670_accel_setMode
 .text.i2c_comm_icm42670_open
                0x0200099c       0x1c ./src/I2C_device_icm42670/i2c_comm_icm42670_interface.o
                0x0200099c                i2c_comm_icm42670_open
 .text.i2c_comm_icm42670_write
                0x020009b8       0x10 ./src/I2C_device_icm42670/i2c_comm_icm42670_interface.o
                0x020009b8                i2c_comm_icm42670_write
 .text.i2c_comm_icm42670_writeRead
                0x020009c8       0x18 ./src/I2C_device_icm42670/i2c_comm_icm42670_interface.o
                0x020009c8                i2c_comm_icm42670_writeRead
 .text.rm_icm42670_comms_i2c_callback
                0x020009e0       0x10 ./src/I2C_device_icm42670/i2c_comm_icm42670_interface.o
                0x020009e0                rm_icm42670_comms_i2c_callback
 .text.i2c_io_icm42670_write
                0x020009f0       0x58 ./src/I2C_device_icm42670/i2c_io_icm42670.o
                0x020009f0                i2c_io_icm42670_write
 .text.i2c_io_icm42670_read
                0x02000a48       0x5c ./src/I2C_device_icm42670/i2c_io_icm42670.o
                0x02000a48                i2c_io_icm42670_read
 .text.i2c_io_icm42670_software_reset
                0x02000aa4       0x14 ./src/I2C_device_icm42670/i2c_io_icm42670.o
                0x02000aa4                i2c_io_icm42670_software_reset
 .text.i2c_io_icm42670_clk_sel
                0x02000ab8       0x14 ./src/I2C_device_icm42670/i2c_io_icm42670.o
                0x02000ab8                i2c_io_icm42670_clk_sel
 .text.i2c_io_icm42670_mclk_rdy
                0x02000acc       0x58 ./src/I2C_device_icm42670/i2c_io_icm42670.o
                0x02000acc                i2c_io_icm42670_mclk_rdy
 .text.i2c_io_icm42670_all_interrupt_bits_clear
                0x02000b24       0x28 ./src/I2C_device_icm42670/i2c_io_icm42670.o
                0x02000b24                i2c_io_icm42670_all_interrupt_bits_clear
 .text.i2c_io_icm42670_who_am_I
                0x02000b4c       0x40 ./src/I2C_device_icm42670/i2c_io_icm42670.o
                0x02000b4c                i2c_io_icm42670_who_am_I
 .text.i2c_io_icm42670_int_cfg_register_write
                0x02000b8c       0x48 ./src/I2C_device_icm42670/i2c_io_icm42670.o
                0x02000b8c                i2c_io_icm42670_int_cfg_register_write
 .text.i2c_iodrm_icm42670_accel_configuration
                0x02000bd4      0x104 ./src/I2C_device_icm42670/i2c_iodrm_icm42670.o
                0x02000bd4                i2c_iodrm_icm42670_accel_configuration
 .text.i2c_iodrm_icm42670_gyro_configuration
                0x02000cd8       0xb4 ./src/I2C_device_icm42670/i2c_iodrm_icm42670.o
                0x02000cd8                i2c_iodrm_icm42670_gyro_configuration
 .text.i2c_iodrm_icm42670_data_ready_open
                0x02000d8c       0x14 ./src/I2C_device_icm42670/i2c_iodrm_icm42670.o
                0x02000d8c                i2c_iodrm_icm42670_data_ready_open
 .text.i2c_iodrm_icm42670_data_ready_measurement_start
                0x02000da0       0x14 ./src/I2C_device_icm42670/i2c_iodrm_icm42670.o
                0x02000da0                i2c_iodrm_icm42670_data_ready_measurement_start
 .text.i2c_iodrm_icm42670_data_ready_accel_read
                0x02000db4       0x48 ./src/I2C_device_icm42670/i2c_iodrm_icm42670.o
                0x02000db4                i2c_iodrm_icm42670_data_ready_accel_read
 .text.i2c_iodrm_icm42670_data_ready_gyro_read
                0x02000dfc       0x48 ./src/I2C_device_icm42670/i2c_iodrm_icm42670.o
                0x02000dfc                i2c_iodrm_icm42670_data_ready_gyro_read
 .text.i2c_iodrm_icm42670_data_ready_device_interrupt_cfg_set
                0x02000e44       0x64 ./src/I2C_device_icm42670/i2c_iodrm_icm42670.o
                0x02000e44                i2c_iodrm_icm42670_data_ready_device_interrupt_cfg_set
 .text.i2c_iodrm_icm42670_data_ready_device_interrupt_cfg_get
                0x02000ea8       0x18 ./src/I2C_device_icm42670/i2c_iodrm_icm42670.o
                0x02000ea8                i2c_iodrm_icm42670_data_ready_device_interrupt_cfg_get
 .text.i2c_iodrm_icm42670_accel_setMode
                0x02000ec0       0x10 ./src/I2C_device_icm42670/i2c_iodrm_icm42670.o
                0x02000ec0                i2c_iodrm_icm42670_accel_setMode
 .text.i2c_bus1_comon_init
                0x02000ed0       0x14 ./src/I2C_common/I2C_common.o
                0x02000ed0                i2c_bus1_comon_init
 .text.R_BSP_PinAccessEnable
                0x02000ee4       0x30 ./src/hal_entry.o
 .text.R_BSP_PinAccessDisable
                0x02000f14       0x30 ./src/hal_entry.o
 .text.hal_entry
                0x02000f44      0x5e8 ./src/hal_entry.o
                0x02000f44                hal_entry
 .text.R_BSP_WarmStart
                0x0200152c       0x18 ./src/hal_entry.o
                0x0200152c                R_BSP_WarmStart
 .text.user_20ms_cb
                0x02001544       0x10 ./src/hal_entry.o
                0x02001544                user_20ms_cb
 .text.user_uart_cb
                0x02001554       0x3c ./src/hal_entry.o
                0x02001554                user_uart_cb
 .text.startup.main
                0x02001590        0xc ./ra_gen/main.o
                0x02001590                main
 .text.RM_COMMS_I2C_Open
                0x0200159c       0x28 ./ra/fsp/src/rm_comms_i2c/rm_comms_i2c.o
                0x0200159c                RM_COMMS_I2C_Open
 .text.RM_COMMS_I2C_Write
                0x020015c4        0x4 ./ra/fsp/src/rm_comms_i2c/rm_comms_i2c.o
                0x020015c4                RM_COMMS_I2C_Write
 .text.RM_COMMS_I2C_WriteRead
                0x020015c8       0x14 ./ra/fsp/src/rm_comms_i2c/rm_comms_i2c.o
                0x020015c8                RM_COMMS_I2C_WriteRead
 .text.rm_comms_i2c_bus_reconfigure
                0x020015dc       0x3c ./ra/fsp/src/rm_comms_i2c/rm_comms_i2c_driver_ra.o
 .text.rm_comms_i2c_bus_write
                0x02001618       0x30 ./ra/fsp/src/rm_comms_i2c/rm_comms_i2c_driver_ra.o
                0x02001618                rm_comms_i2c_bus_write
 .text.rm_comms_i2c_bus_write_read
                0x02001648       0x3c ./ra/fsp/src/rm_comms_i2c/rm_comms_i2c_driver_ra.o
                0x02001648                rm_comms_i2c_bus_write_read
 .text.rm_comms_i2c_callback
                0x02001684       0x5c ./ra/fsp/src/rm_comms_i2c/rm_comms_i2c_driver_ra.o
                0x02001684                rm_comms_i2c_callback
 .text.usb_pcdc_read_complete
                0x020016e0       0x68 ./ra/fsp/src/r_usb_pcdc/src/r_usb_pcdc_driver.o
                0x020016e0                usb_pcdc_read_complete
 .text.usb_pcdc_write_complete
                0x02001748       0x58 ./ra/fsp/src/r_usb_pcdc/src/r_usb_pcdc_driver.o
                0x02001748                usb_pcdc_write_complete
 .text.usb_cstd_get_buf_size
                0x020017a0       0x4c ./ra/fsp/src/r_usb_basic/src/hw/r_usb_creg_abs.o
                0x020017a0                usb_cstd_get_buf_size
 .text.usb_cstd_pipe_init
                0x020017ec      0x160 ./ra/fsp/src/r_usb_basic/src/hw/r_usb_creg_abs.o
                0x020017ec                usb_cstd_pipe_init
 .text.usb_cstd_clr_pipe_cnfg
                0x0200194c       0xd8 ./ra/fsp/src/r_usb_basic/src/hw/r_usb_creg_abs.o
                0x0200194c                usb_cstd_clr_pipe_cnfg
 .text.usb_cstd_set_nak
                0x02001a24       0x2c ./ra/fsp/src/r_usb_basic/src/hw/r_usb_creg_abs.o
                0x02001a24                usb_cstd_set_nak
 .text.usb_cstd_is_set_frdy
                0x02001a50       0x5c ./ra/fsp/src/r_usb_basic/src/hw/r_usb_creg_abs.o
                0x02001a50                usb_cstd_is_set_frdy
 .text.usb_cstd_chg_curpipe
                0x02001aac       0x2c ./ra/fsp/src/r_usb_basic/src/hw/r_usb_creg_abs.o
                0x02001aac                usb_cstd_chg_curpipe
 .text.usb_cstd_set_transaction_counter
                0x02001ad8       0x24 ./ra/fsp/src/r_usb_basic/src/hw/r_usb_creg_abs.o
                0x02001ad8                usb_cstd_set_transaction_counter
 .text.usb_cstd_clr_transaction_counter
                0x02001afc       0x18 ./ra/fsp/src/r_usb_basic/src/hw/r_usb_creg_abs.o
                0x02001afc                usb_cstd_clr_transaction_counter
 .text.hw_usb_read_syscfg
                0x02001b14       0x34 ./ra/fsp/src/r_usb_basic/src/hw/r_usb_creg_access.o
                0x02001b14                hw_usb_read_syscfg
 .text.hw_usb_set_cnen
                0x02001b48       0x18 ./ra/fsp/src/r_usb_basic/src/hw/r_usb_creg_access.o
                0x02001b48                hw_usb_set_cnen
 .text.hw_usb_clear_cnen
                0x02001b60       0x30 ./ra/fsp/src/r_usb_basic/src/hw/r_usb_creg_access.o
                0x02001b60                hw_usb_clear_cnen
 .text.hw_usb_set_hse
                0x02001b90       0x2c ./ra/fsp/src/r_usb_basic/src/hw/r_usb_creg_access.o
                0x02001b90                hw_usb_set_hse
 .text.hw_usb_set_bcctrl
                0x02001bbc       0x30 ./ra/fsp/src/r_usb_basic/src/hw/r_usb_creg_access.o
                0x02001bbc                hw_usb_set_bcctrl
 .text.hw_usb_clear_bcctrl
                0x02001bec       0x30 ./ra/fsp/src/r_usb_basic/src/hw/r_usb_creg_access.o
                0x02001bec                hw_usb_clear_bcctrl
 .text.hw_usb_read_syssts
                0x02001c1c       0x34 ./ra/fsp/src/r_usb_basic/src/hw/r_usb_creg_access.o
                0x02001c1c                hw_usb_read_syssts
 .text.hw_usb_read_dvstctr
                0x02001c50       0x34 ./ra/fsp/src/r_usb_basic/src/hw/r_usb_creg_access.o
                0x02001c50                hw_usb_read_dvstctr
 .text.hw_usb_set_utst
                0x02001c84       0x24 ./ra/fsp/src/r_usb_basic/src/hw/r_usb_creg_access.o
                0x02001c84                hw_usb_set_utst
 .text.hw_usb_read_fifo32
                0x02001ca8       0x2c ./ra/fsp/src/r_usb_basic/src/hw/r_usb_creg_access.o
                0x02001ca8                hw_usb_read_fifo32
 .text.hw_usb_write_fifo32
                0x02001cd4       0x28 ./ra/fsp/src/r_usb_basic/src/hw/r_usb_creg_access.o
                0x02001cd4                hw_usb_write_fifo32
 .text.hw_usb_read_fifo16
                0x02001cfc       0x34 ./ra/fsp/src/r_usb_basic/src/hw/r_usb_creg_access.o
                0x02001cfc                hw_usb_read_fifo16
 .text.hw_usb_write_fifo16
                0x02001d30       0x5c ./ra/fsp/src/r_usb_basic/src/hw/r_usb_creg_access.o
                0x02001d30                hw_usb_write_fifo16
 .text.hw_usb_write_fifo8
                0x02001d8c       0x5c ./ra/fsp/src/r_usb_basic/src/hw/r_usb_creg_access.o
                0x02001d8c                hw_usb_write_fifo8
 .text.hw_usb_read_fifosel
                0x02001de8       0x6c ./ra/fsp/src/r_usb_basic/src/hw/r_usb_creg_access.o
                0x02001de8                hw_usb_read_fifosel
 .text.hw_usb_rmw_fifosel
                0x02001e54       0x7c ./ra/fsp/src/r_usb_basic/src/hw/r_usb_creg_access.o
                0x02001e54                hw_usb_rmw_fifosel
 .text.hw_usb_set_mbw
                0x02001ed0       0x8c ./ra/fsp/src/r_usb_basic/src/hw/r_usb_creg_access.o
                0x02001ed0                hw_usb_set_mbw
 .text.hw_usb_read_fifoctr
                0x02001f5c       0x6c ./ra/fsp/src/r_usb_basic/src/hw/r_usb_creg_access.o
                0x02001f5c                hw_usb_read_fifoctr
 .text.hw_usb_set_bval
                0x02001fc8       0x74 ./ra/fsp/src/r_usb_basic/src/hw/r_usb_creg_access.o
                0x02001fc8                hw_usb_set_bval
 .text.hw_usb_set_bclr
                0x0200203c       0x74 ./ra/fsp/src/r_usb_basic/src/hw/r_usb_creg_access.o
                0x0200203c                hw_usb_set_bclr
 .text.hw_usb_set_brdyenb
                0x020020b0       0x40 ./ra/fsp/src/r_usb_basic/src/hw/r_usb_creg_access.o
                0x020020b0                hw_usb_set_brdyenb
 .text.hw_usb_clear_brdyenb
                0x020020f0       0x3c ./ra/fsp/src/r_usb_basic/src/hw/r_usb_creg_access.o
                0x020020f0                hw_usb_clear_brdyenb
 .text.hw_usb_set_nrdyenb
                0x0200212c       0x40 ./ra/fsp/src/r_usb_basic/src/hw/r_usb_creg_access.o
                0x0200212c                hw_usb_set_nrdyenb
 .text.hw_usb_clear_nrdyenb
                0x0200216c       0x3c ./ra/fsp/src/r_usb_basic/src/hw/r_usb_creg_access.o
                0x0200216c                hw_usb_clear_nrdyenb
 .text.hw_usb_set_bempenb
                0x020021a8       0x5c ./ra/fsp/src/r_usb_basic/src/hw/r_usb_creg_access.o
                0x020021a8                hw_usb_set_bempenb
 .text.hw_usb_clear_bempenb
                0x02002204       0x3c ./ra/fsp/src/r_usb_basic/src/hw/r_usb_creg_access.o
                0x02002204                hw_usb_clear_bempenb
 .text.hw_usb_read_intsts
                0x02002240       0x20 ./ra/fsp/src/r_usb_basic/src/hw/r_usb_creg_access.o
                0x02002240                hw_usb_read_intsts
 .text.hw_usb_clear_sts_brdy
                0x02002260       0x3c ./ra/fsp/src/r_usb_basic/src/hw/r_usb_creg_access.o
                0x02002260                hw_usb_clear_sts_brdy
 .text.hw_usb_clear_status_nrdy
                0x0200229c       0x3c ./ra/fsp/src/r_usb_basic/src/hw/r_usb_creg_access.o
                0x0200229c                hw_usb_clear_status_nrdy
 .text.hw_usb_clear_status_bemp
                0x020022d8       0x3c ./ra/fsp/src/r_usb_basic/src/hw/r_usb_creg_access.o
                0x020022d8                hw_usb_clear_status_bemp
 .text.hw_usb_read_frmnum
                0x02002314       0x38 ./ra/fsp/src/r_usb_basic/src/hw/r_usb_creg_access.o
                0x02002314                hw_usb_read_frmnum
 .text.hw_usb_read_usbreq
                0x0200234c       0x20 ./ra/fsp/src/r_usb_basic/src/hw/r_usb_creg_access.o
                0x0200234c                hw_usb_read_usbreq
 .text.hw_usb_read_usbval
                0x0200236c       0x20 ./ra/fsp/src/r_usb_basic/src/hw/r_usb_creg_access.o
                0x0200236c                hw_usb_read_usbval
 .text.hw_usb_read_usbindx
                0x0200238c       0x20 ./ra/fsp/src/r_usb_basic/src/hw/r_usb_creg_access.o
                0x0200238c                hw_usb_read_usbindx
 .text.hw_usb_read_usbleng
                0x020023ac       0x20 ./ra/fsp/src/r_usb_basic/src/hw/r_usb_creg_access.o
                0x020023ac                hw_usb_read_usbleng
 .text.hw_usb_read_dcpcfg
                0x020023cc       0x38 ./ra/fsp/src/r_usb_basic/src/hw/r_usb_creg_access.o
                0x020023cc                hw_usb_read_dcpcfg
 .text.hw_usb_write_dcpcfg
                0x02002404       0x30 ./ra/fsp/src/r_usb_basic/src/hw/r_usb_creg_access.o
                0x02002404                hw_usb_write_dcpcfg
 .text.hw_usb_read_dcpmaxp
                0x02002434       0x38 ./ra/fsp/src/r_usb_basic/src/hw/r_usb_creg_access.o
                0x02002434                hw_usb_read_dcpmaxp
 .text.hw_usb_write_dcpmxps
                0x0200246c       0x30 ./ra/fsp/src/r_usb_basic/src/hw/r_usb_creg_access.o
                0x0200246c                hw_usb_write_dcpmxps
 .text.hw_usb_read_dcpctr
                0x0200249c       0x20 ./ra/fsp/src/r_usb_basic/src/hw/r_usb_creg_access.o
                0x0200249c                hw_usb_read_dcpctr
 .text.hw_usb_write_pipesel
                0x020024bc       0x30 ./ra/fsp/src/r_usb_basic/src/hw/r_usb_creg_access.o
                0x020024bc                hw_usb_write_pipesel
 .text.hw_usb_read_pipecfg
                0x020024ec       0x38 ./ra/fsp/src/r_usb_basic/src/hw/r_usb_creg_access.o
                0x020024ec                hw_usb_read_pipecfg
 .text.hw_usb_write_pipecfg
                0x02002524       0x30 ./ra/fsp/src/r_usb_basic/src/hw/r_usb_creg_access.o
                0x02002524                hw_usb_write_pipecfg
 .text.hw_usb_write_pipebuf
                0x02002554       0x24 ./ra/fsp/src/r_usb_basic/src/hw/r_usb_creg_access.o
                0x02002554                hw_usb_write_pipebuf
 .text.hw_usb_read_pipebuf
                0x02002578       0x2c ./ra/fsp/src/r_usb_basic/src/hw/r_usb_creg_access.o
                0x02002578                hw_usb_read_pipebuf
 .text.hw_usb_read_pipemaxp
                0x020025a4       0x38 ./ra/fsp/src/r_usb_basic/src/hw/r_usb_creg_access.o
                0x020025a4                hw_usb_read_pipemaxp
 .text.hw_usb_write_pipemaxp
                0x020025dc       0x30 ./ra/fsp/src/r_usb_basic/src/hw/r_usb_creg_access.o
                0x020025dc                hw_usb_write_pipemaxp
 .text.hw_usb_write_pipeperi
                0x0200260c       0x30 ./ra/fsp/src/r_usb_basic/src/hw/r_usb_creg_access.o
                0x0200260c                hw_usb_write_pipeperi
 .text.hw_usb_read_pipectr
                0x0200263c       0x68 ./ra/fsp/src/r_usb_basic/src/hw/r_usb_creg_access.o
                0x0200263c                hw_usb_read_pipectr
 .text.hw_usb_set_csclr
                0x020026a4       0x38 ./ra/fsp/src/r_usb_basic/src/hw/r_usb_creg_access.o
                0x020026a4                hw_usb_set_csclr
 .text.hw_usb_set_aclrm
                0x020026dc       0x44 ./ra/fsp/src/r_usb_basic/src/hw/r_usb_creg_access.o
                0x020026dc                hw_usb_set_aclrm
 .text.hw_usb_clear_aclrm
                0x02002720       0x3c ./ra/fsp/src/r_usb_basic/src/hw/r_usb_creg_access.o
                0x02002720                hw_usb_clear_aclrm
 .text.hw_usb_set_sqclr
                0x0200275c       0x74 ./ra/fsp/src/r_usb_basic/src/hw/r_usb_creg_access.o
                0x0200275c                hw_usb_set_sqclr
 .text.hw_usb_set_pid
                0x020027d0       0x58 ./ra/fsp/src/r_usb_basic/src/hw/r_usb_creg_access.o
                0x020027d0                hw_usb_set_pid
 .text.hw_usb_clear_pid
                0x02002828       0x50 ./ra/fsp/src/r_usb_basic/src/hw/r_usb_creg_access.o
                0x02002828                hw_usb_clear_pid
 .text.hw_usb_set_trenb
                0x02002878       0x3c ./ra/fsp/src/r_usb_basic/src/hw/r_usb_creg_access.o
                0x02002878                hw_usb_set_trenb
 .text.hw_usb_clear_trenb
                0x020028b4       0x3c ./ra/fsp/src/r_usb_basic/src/hw/r_usb_creg_access.o
                0x020028b4                hw_usb_clear_trenb
 .text.hw_usb_set_trclr
                0x020028f0       0x3c ./ra/fsp/src/r_usb_basic/src/hw/r_usb_creg_access.o
                0x020028f0                hw_usb_set_trclr
 .text.hw_usb_write_pipetrn
                0x0200292c       0x34 ./ra/fsp/src/r_usb_basic/src/hw/r_usb_creg_access.o
                0x0200292c                hw_usb_write_pipetrn
 .text.hw_usb_read_bcctrl
                0x02002960       0x2c ./ra/fsp/src/r_usb_basic/src/hw/r_usb_creg_access.o
                0x02002960                hw_usb_read_bcctrl
 .text.hw_usb_set_suspendm
                0x0200298c       0x1c ./ra/fsp/src/r_usb_basic/src/hw/r_usb_creg_access.o
                0x0200298c                hw_usb_set_suspendm
 .text.hw_usb_clear_suspm
                0x020029a8       0x1c ./ra/fsp/src/r_usb_basic/src/hw/r_usb_creg_access.o
                0x020029a8                hw_usb_clear_suspm
 .text.usb_module_start
                0x020029c4       0x50 ./ra/fsp/src/r_usb_basic/src/hw/r_usb_mcu.o
                0x020029c4                usb_module_start
 .text.usb_cpu_usbint_init
                0x02002a14      0x138 ./ra/fsp/src/r_usb_basic/src/hw/r_usb_mcu.o
                0x02002a14                usb_cpu_usbint_init
 .text.usb_cpu_delay_1us
                0x02002b4c        0x8 ./ra/fsp/src/r_usb_basic/src/hw/r_usb_mcu.o
                0x02002b4c                usb_cpu_delay_1us
 .text.usb_cpu_delay_xms
                0x02002b54        0x8 ./ra/fsp/src/r_usb_basic/src/hw/r_usb_mcu.o
                0x02002b54                usb_cpu_delay_xms
 .text.usbfs_interrupt_handler
                0x02002b5c       0x38 ./ra/fsp/src/r_usb_basic/src/hw/r_usb_mcu.o
                0x02002b5c                usbfs_interrupt_handler
 .text.usbfs_resume_handler
                0x02002b94       0x34 ./ra/fsp/src/r_usb_basic/src/hw/r_usb_mcu.o
                0x02002b94                usbfs_resume_handler
 .text.usbfs_d0fifo_handler
                0x02002bc8       0x24 ./ra/fsp/src/r_usb_basic/src/hw/r_usb_mcu.o
                0x02002bc8                usbfs_d0fifo_handler
 .text.usbfs_d1fifo_handler
                0x02002bec       0x24 ./ra/fsp/src/r_usb_basic/src/hw/r_usb_mcu.o
                0x02002bec                usbfs_d1fifo_handler
 .text.usbhs_interrupt_handler
                0x02002c10       0x38 ./ra/fsp/src/r_usb_basic/src/hw/r_usb_mcu.o
                0x02002c10                usbhs_interrupt_handler
 .text.usbhs_d0fifo_handler
                0x02002c48       0x24 ./ra/fsp/src/r_usb_basic/src/hw/r_usb_mcu.o
                0x02002c48                usbhs_d0fifo_handler
 .text.usbhs_d1fifo_handler
                0x02002c6c       0x24 ./ra/fsp/src/r_usb_basic/src/hw/r_usb_mcu.o
                0x02002c6c                usbhs_d1fifo_handler
 .text.usb_pstd_interrupt_handler
                0x02002c90      0x1fc ./ra/fsp/src/r_usb_basic/src/hw/r_usb_preg_abs.o
                0x02002c90                usb_pstd_interrupt_handler
 .text.usb_pstd_save_request
                0x02002e8c       0x48 ./ra/fsp/src/r_usb_basic/src/hw/r_usb_preg_abs.o
                0x02002e8c                usb_pstd_save_request
 .text.usb_pstd_chk_configured
                0x02002ed4       0x1c ./ra/fsp/src/r_usb_basic/src/hw/r_usb_preg_abs.o
                0x02002ed4                usb_pstd_chk_configured
 .text.usb_pstd_test_mode
                0x02002ef0       0x44 ./ra/fsp/src/r_usb_basic/src/hw/r_usb_preg_abs.o
                0x02002ef0                usb_pstd_test_mode
 .text.usb_pstd_resume_process
                0x02002f34       0x18 ./ra/fsp/src/r_usb_basic/src/hw/r_usb_preg_abs.o
                0x02002f34                usb_pstd_resume_process
 .text.usb_pstd_set_stall
                0x02002f4c        0xc ./ra/fsp/src/r_usb_basic/src/hw/r_usb_preg_abs.o
                0x02002f4c                usb_pstd_set_stall
 .text.usb_pstd_set_stall_pipe0
                0x02002f58        0x8 ./ra/fsp/src/r_usb_basic/src/hw/r_usb_preg_abs.o
                0x02002f58                usb_pstd_set_stall_pipe0
 .text.usb_pstd_write_fifo
                0x02002f60       0xc8 ./ra/fsp/src/r_usb_basic/src/hw/r_usb_preg_abs.o
                0x02002f60                usb_pstd_write_fifo
 .text.usb_pstd_read_fifo
                0x02003028       0x94 ./ra/fsp/src/r_usb_basic/src/hw/r_usb_preg_abs.o
                0x02003028                usb_pstd_read_fifo
 .text.usb_pstd_forced_termination
                0x020030bc       0xa0 ./ra/fsp/src/r_usb_basic/src/hw/r_usb_preg_abs.o
                0x020030bc                usb_pstd_forced_termination
 .text.usb_pstd_interrupt_clock
                0x0200315c       0x20 ./ra/fsp/src/r_usb_basic/src/hw/r_usb_preg_abs.o
                0x0200315c                usb_pstd_interrupt_clock
 .text.usb_pstd_stop_clock
                0x0200317c       0x10 ./ra/fsp/src/r_usb_basic/src/hw/r_usb_preg_abs.o
                0x0200317c                usb_pstd_stop_clock
 .text.hw_usb_pset_dprpu
                0x0200318c       0x28 ./ra/fsp/src/r_usb_basic/src/hw/r_usb_preg_access.o
                0x0200318c                hw_usb_pset_dprpu
 .text.hw_usb_pclear_dprpu
                0x020031b4       0x20 ./ra/fsp/src/r_usb_basic/src/hw/r_usb_preg_access.o
                0x020031b4                hw_usb_pclear_dprpu
 .text.hw_usb_pset_enb_rsme
                0x020031d4       0x28 ./ra/fsp/src/r_usb_basic/src/hw/r_usb_preg_access.o
                0x020031d4                hw_usb_pset_enb_rsme
 .text.hw_usb_pclear_enb_rsme
                0x020031fc       0x20 ./ra/fsp/src/r_usb_basic/src/hw/r_usb_preg_access.o
                0x020031fc                hw_usb_pclear_enb_rsme
 .text.hw_usb_pclear_sts_resm
                0x0200321c       0x20 ./ra/fsp/src/r_usb_basic/src/hw/r_usb_preg_access.o
                0x0200321c                hw_usb_pclear_sts_resm
 .text.hw_usb_pclear_sts_valid
                0x0200323c       0x20 ./ra/fsp/src/r_usb_basic/src/hw/r_usb_preg_access.o
                0x0200323c                hw_usb_pclear_sts_valid
 .text.hw_usb_pset_ccpl
                0x0200325c       0x30 ./ra/fsp/src/r_usb_basic/src/hw/r_usb_preg_access.o
                0x0200325c                hw_usb_pset_ccpl
 .text.hw_usb_pmodule_init
                0x0200328c       0xe0 ./ra/fsp/src/r_usb_basic/src/hw/r_usb_preg_access.o
                0x0200328c                hw_usb_pmodule_init
 .text.hw_usb_pcontrol_dcpctr_pid
                0x0200336c       0x3c ./ra/fsp/src/r_usb_basic/src/hw/r_usb_preg_access.o
                0x0200336c                hw_usb_pcontrol_dcpctr_pid
 .text.usb_ctrl_read
                0x020033a8       0x50 ./ra/fsp/src/r_usb_basic/src/driver/r_usb_cdataio.o
                0x020033a8                usb_ctrl_read
 .text.usb_ctrl_write
                0x020033f8       0x8c ./ra/fsp/src/r_usb_basic/src/driver/r_usb_cdataio.o
                0x020033f8                usb_ctrl_write
 .text.usb_data_read
                0x02003484       0x54 ./ra/fsp/src/r_usb_basic/src/driver/r_usb_cdataio.o
                0x02003484                usb_data_read
 .text.usb_data_write
                0x020034d8       0x84 ./ra/fsp/src/r_usb_basic/src/driver/r_usb_cdataio.o
                0x020034d8                usb_data_write
 .text.usb_cstd_nrdy_enable
                0x0200355c        0xc ./ra/fsp/src/r_usb_basic/src/driver/r_usb_clibusbip.o
                0x0200355c                usb_cstd_nrdy_enable
 .text.usb_cstd_get_pid
                0x02003568       0x14 ./ra/fsp/src/r_usb_basic/src/driver/r_usb_clibusbip.o
                0x02003568                usb_cstd_get_pid
 .text.usb_cstd_get_maxpacket_size
                0x0200357c       0x28 ./ra/fsp/src/r_usb_basic/src/driver/r_usb_clibusbip.o
                0x0200357c                usb_cstd_get_maxpacket_size
 .text.usb_cstd_get_pipe_dir
                0x020035a4       0x1c ./ra/fsp/src/r_usb_basic/src/driver/r_usb_clibusbip.o
                0x020035a4                usb_cstd_get_pipe_dir
 .text.usb_cstd_get_pipe_type
                0x020035c0       0x1c ./ra/fsp/src/r_usb_basic/src/driver/r_usb_clibusbip.o
                0x020035c0                usb_cstd_get_pipe_type
 .text.usb_cstd_do_aclrm
                0x020035dc       0x1c ./ra/fsp/src/r_usb_basic/src/driver/r_usb_clibusbip.o
                0x020035dc                usb_cstd_do_aclrm
 .text.usb_cstd_set_buf
                0x020035f8        0xc ./ra/fsp/src/r_usb_basic/src/driver/r_usb_clibusbip.o
                0x020035f8                usb_cstd_set_buf
 .text.usb_cstd_clr_stall
                0x02003604       0x20 ./ra/fsp/src/r_usb_basic/src/driver/r_usb_clibusbip.o
                0x02003604                usb_cstd_clr_stall
 .text.usb_cstd_port_speed
                0x02003624       0x1c ./ra/fsp/src/r_usb_basic/src/driver/r_usb_clibusbip.o
                0x02003624                usb_cstd_port_speed
 .text.usb_set_event
                0x02003640       0xb4 ./ra/fsp/src/r_usb_basic/src/driver/r_usb_clibusbip.o
                0x02003640                usb_set_event
 .text.usb_cstd_usb_task
                0x020036f4        0x4 ./ra/fsp/src/r_usb_basic/src/driver/r_usb_clibusbip.o
                0x020036f4                usb_cstd_usb_task
 .text.usb_pstd_bc_data_contact_detect
                0x020036f8       0x64 ./ra/fsp/src/r_usb_basic/src/driver/r_usb_pbc.o
                0x020036f8                usb_pstd_bc_data_contact_detect
 .text.usb_pstd_bc_detect_process
                0x0200375c       0x80 ./ra/fsp/src/r_usb_basic/src/driver/r_usb_pbc.o
                0x0200375c                usb_pstd_bc_detect_process
 .text.usb_pstd_ctrl_read
                0x020037dc       0x88 ./ra/fsp/src/r_usb_basic/src/driver/r_usb_pcontrolrw.o
                0x020037dc                usb_pstd_ctrl_read
 .text.usb_pstd_ctrl_write
                0x02003864       0x54 ./ra/fsp/src/r_usb_basic/src/driver/r_usb_pcontrolrw.o
                0x02003864                usb_pstd_ctrl_write
 .text.usb_pstd_ctrl_end
                0x020038b8       0x78 ./ra/fsp/src/r_usb_basic/src/driver/r_usb_pcontrolrw.o
                0x020038b8                usb_pstd_ctrl_end
 .text.usb_peri_configured
                0x02003930       0x2c ./ra/fsp/src/r_usb_basic/src/driver/r_usb_pdriver.o
                0x02003930                usb_peri_configured
 .text.usb_peri_suspended
                0x0200395c       0x1c ./ra/fsp/src/r_usb_basic/src/driver/r_usb_pdriver.o
                0x0200395c                usb_peri_suspended
 .text.usb_peri_resume
                0x02003978       0x1c ./ra/fsp/src/r_usb_basic/src/driver/r_usb_pdriver.o
                0x02003978                usb_peri_resume
 .text.usb_peri_interface
                0x02003994        0x4 ./ra/fsp/src/r_usb_basic/src/driver/r_usb_pdriver.o
                0x02003994                usb_peri_interface
 .text.usb_peri_detach
                0x02003998       0x2c ./ra/fsp/src/r_usb_basic/src/driver/r_usb_pdriver.o
                0x02003998                usb_peri_detach
 .text.usb_pstd_pcd_task
                0x020039c4      0x20c ./ra/fsp/src/r_usb_basic/src/driver/r_usb_pdriver.o
                0x020039c4                usb_pstd_pcd_task
 .text.usb_pstd_set_submitutr
                0x02003bd0       0x44 ./ra/fsp/src/r_usb_basic/src/driver/r_usb_pdriver.o
                0x02003bd0                usb_pstd_set_submitutr
 .text.usb_pstd_clr_mem
                0x02003c14       0x28 ./ra/fsp/src/r_usb_basic/src/driver/r_usb_pdriver.o
                0x02003c14                usb_pstd_clr_mem
 .text.usb_pstd_set_config_num
                0x02003c3c       0x1c ./ra/fsp/src/r_usb_basic/src/driver/r_usb_pdriver.o
                0x02003c3c                usb_pstd_set_config_num
 .text.usb_pstd_clr_eptbl_index
                0x02003c58       0x20 ./ra/fsp/src/r_usb_basic/src/driver/r_usb_pdriver.o
                0x02003c58                usb_pstd_clr_eptbl_index
 .text.usb_pstd_get_interface_num
                0x02003c78        0xc ./ra/fsp/src/r_usb_basic/src/driver/r_usb_pdriver.o
                0x02003c78                usb_pstd_get_interface_num
 .text.usb_pstd_get_alternate_num
                0x02003c84       0x48 ./ra/fsp/src/r_usb_basic/src/driver/r_usb_pdriver.o
                0x02003c84                usb_pstd_get_alternate_num
 .text.usb_pstd_set_eptbl_index
                0x02003ccc       0xa8 ./ra/fsp/src/r_usb_basic/src/driver/r_usb_pdriver.o
                0x02003ccc                usb_pstd_set_eptbl_index
 .text.usb_pstd_chk_remote
                0x02003d74       0x1c ./ra/fsp/src/r_usb_basic/src/driver/r_usb_pdriver.o
                0x02003d74                usb_pstd_chk_remote
 .text.usb_pstd_get_current_power
                0x02003d90       0x10 ./ra/fsp/src/r_usb_basic/src/driver/r_usb_pdriver.o
                0x02003d90                usb_pstd_get_current_power
 .text.usb_pstd_fifo_to_buf
                0x02003da0       0x70 ./ra/fsp/src/r_usb_basic/src/driver/r_usb_pdriver.o
                0x02003da0                usb_pstd_fifo_to_buf
 .text.usb_pstd_buf_to_fifo
                0x02003e10       0x70 ./ra/fsp/src/r_usb_basic/src/driver/r_usb_pdriver.o
                0x02003e10                usb_pstd_buf_to_fifo
 .text.usb_pstd_transfer_start
                0x02003e80       0x40 ./ra/fsp/src/r_usb_basic/src/driver/r_usb_pdriver.o
                0x02003e80                usb_pstd_transfer_start
 .text.usb_peri_registration
                0x02003ec0       0x7c ./ra/fsp/src/r_usb_basic/src/driver/r_usb_pdriver.o
                0x02003ec0                usb_peri_registration
 .text.usb_peri_pipe_info
                0x02003f3c       0x6c ./ra/fsp/src/r_usb_basic/src/driver/r_usb_pdriver.o
                0x02003f3c                usb_peri_pipe_info
 .text.usb_peri_devdefault
                0x02003fa8       0xac ./ra/fsp/src/r_usb_basic/src/driver/r_usb_pdriver.o
                0x02003fa8                usb_peri_devdefault
 .text.usb_pstd_brdy_pipe
                0x02004054       0x60 ./ra/fsp/src/r_usb_basic/src/driver/r_usb_pintfifo.o
                0x02004054                usb_pstd_brdy_pipe
 .text.usb_pstd_nrdy_pipe
                0x020040b4        0xc ./ra/fsp/src/r_usb_basic/src/driver/r_usb_pintfifo.o
                0x020040b4                usb_pstd_nrdy_pipe
 .text.usb_pstd_bemp_pipe
                0x020040c0       0x48 ./ra/fsp/src/r_usb_basic/src/driver/r_usb_pintfifo.o
                0x020040c0                usb_pstd_bemp_pipe
 .text.usb_pstd_usb_handler
                0x02004108       0x48 ./ra/fsp/src/r_usb_basic/src/driver/r_usb_pinthandler_usbip0.o
                0x02004108                usb_pstd_usb_handler
 .text.usb_pstd_data_end.part.0
                0x02004150       0x78 ./ra/fsp/src/r_usb_basic/src/driver/r_usb_plibusbip.o
 .text.usb_pstd_epadr2pipe
                0x020041c8       0x50 ./ra/fsp/src/r_usb_basic/src/driver/r_usb_plibusbip.o
                0x020041c8                usb_pstd_epadr2pipe
 .text.usb_pstd_pipe2fport
                0x02004218        0x4 ./ra/fsp/src/r_usb_basic/src/driver/r_usb_plibusbip.o
                0x02004218                usb_pstd_pipe2fport
 .text.usb_pstd_hi_speed_enable
                0x0200421c        0xc ./ra/fsp/src/r_usb_basic/src/driver/r_usb_plibusbip.o
                0x0200421c                usb_pstd_hi_speed_enable
 .text.usb_pstd_send_start
                0x02004228       0x5c ./ra/fsp/src/r_usb_basic/src/driver/r_usb_plibusbip.o
                0x02004228                usb_pstd_send_start
 .text.usb_pstd_write_data
                0x02004284      0x10c ./ra/fsp/src/r_usb_basic/src/driver/r_usb_plibusbip.o
                0x02004284                usb_pstd_write_data
 .text.usb_pstd_receive_start
                0x02004390       0x88 ./ra/fsp/src/r_usb_basic/src/driver/r_usb_plibusbip.o
                0x02004390                usb_pstd_receive_start
 .text.usb_pstd_read_data
                0x02004418      0x100 ./ra/fsp/src/r_usb_basic/src/driver/r_usb_plibusbip.o
                0x02004418                usb_pstd_read_data
 .text.usb_pstd_data_end
                0x02004518        0xc ./ra/fsp/src/r_usb_basic/src/driver/r_usb_plibusbip.o
                0x02004518                usb_pstd_data_end
 .text.usb_pstd_brdy_pipe_process
                0x02004524       0x64 ./ra/fsp/src/r_usb_basic/src/driver/r_usb_plibusbip.o
                0x02004524                usb_pstd_brdy_pipe_process
 .text.usb_pstd_nrdy_pipe_process
                0x02004588       0x58 ./ra/fsp/src/r_usb_basic/src/driver/r_usb_plibusbip.o
                0x02004588                usb_pstd_nrdy_pipe_process
 .text.usb_pstd_bemp_pipe_process
                0x020045e0       0xe0 ./ra/fsp/src/r_usb_basic/src/driver/r_usb_plibusbip.o
                0x020045e0                usb_pstd_bemp_pipe_process
 .text.usb_pstd_set_pipe_table
                0x020046c0      0x124 ./ra/fsp/src/r_usb_basic/src/driver/r_usb_plibusbip.o
                0x020046c0                usb_pstd_set_pipe_table
 .text.usb_pstd_clr_pipe_table
                0x020047e4       0x48 ./ra/fsp/src/r_usb_basic/src/driver/r_usb_plibusbip.o
                0x020047e4                usb_pstd_clr_pipe_table
 .text.usb_pstd_set_pipe_reg
                0x0200482c       0xa0 ./ra/fsp/src/r_usb_basic/src/driver/r_usb_plibusbip.o
                0x0200482c                usb_pstd_set_pipe_reg
 .text.usb_pstd_clr_pipe_reg
                0x020048cc       0x3c ./ra/fsp/src/r_usb_basic/src/driver/r_usb_plibusbip.o
                0x020048cc                usb_pstd_clr_pipe_reg
 .text.usb_pstd_bus_reset
                0x02004908       0x40 ./ra/fsp/src/r_usb_basic/src/driver/r_usb_psignal.o
                0x02004908                usb_pstd_bus_reset
 .text.usb_pstd_attach_process
                0x02004948       0x1c ./ra/fsp/src/r_usb_basic/src/driver/r_usb_psignal.o
                0x02004948                usb_pstd_attach_process
 .text.usb_pstd_detach_process
                0x02004964       0x84 ./ra/fsp/src/r_usb_basic/src/driver/r_usb_psignal.o
                0x02004964                usb_pstd_detach_process
 .text.usb_pstd_suspend_process
                0x020049e8       0x68 ./ra/fsp/src/r_usb_basic/src/driver/r_usb_psignal.o
                0x020049e8                usb_pstd_suspend_process
 .text.usb_pstd_set_feature_function
                0x02004a50        0x4 ./ra/fsp/src/r_usb_basic/src/driver/r_usb_pstdfunction.o
                0x02004a50                usb_pstd_set_feature_function
 .text.usb_pstd_chk_vbsts
                0x02004a54       0x40 ./ra/fsp/src/r_usb_basic/src/driver/r_usb_pstdfunction.o
                0x02004a54                usb_pstd_chk_vbsts
 .text.usb_pstd_busreset_function
                0x02004a94        0x4 ./ra/fsp/src/r_usb_basic/src/driver/r_usb_pstdfunction.o
                0x02004a94                usb_pstd_busreset_function
 .text.usb_pstd_suspend_function
                0x02004a98        0x4 ./ra/fsp/src/r_usb_basic/src/driver/r_usb_pstdfunction.o
                0x02004a98                usb_pstd_suspend_function
 .text.usb_pdriver_init
                0x02004a9c       0xf4 ./ra/fsp/src/r_usb_basic/src/driver/r_usb_pstdfunction.o
                0x02004a9c                usb_pdriver_init
 .text.usb_pstd_stand_req0
                0x02004b90       0x80 ./ra/fsp/src/r_usb_basic/src/driver/r_usb_pstdrequest.o
                0x02004b90                usb_pstd_stand_req0
 .text.usb_pstd_stand_req1
                0x02004c10      0x2b0 ./ra/fsp/src/r_usb_basic/src/driver/r_usb_pstdrequest.o
                0x02004c10                usb_pstd_stand_req1
 .text.usb_pstd_stand_req2
                0x02004ec0        0x4 ./ra/fsp/src/r_usb_basic/src/driver/r_usb_pstdrequest.o
                0x02004ec0                usb_pstd_stand_req2
 .text.usb_pstd_stand_req3
                0x02004ec4      0x334 ./ra/fsp/src/r_usb_basic/src/driver/r_usb_pstdrequest.o
                0x02004ec4                usb_pstd_stand_req3
 .text.usb_pstd_stand_req4
                0x020051f8       0xbc ./ra/fsp/src/r_usb_basic/src/driver/r_usb_pstdrequest.o
                0x020051f8                usb_pstd_stand_req4
 .text.usb_pstd_stand_req5
                0x020052b4       0xa0 ./ra/fsp/src/r_usb_basic/src/driver/r_usb_pstdrequest.o
                0x020052b4                usb_pstd_stand_req5
 .text.usb_peri_class_request_rss
                0x02005354       0x4c ./ra/fsp/src/r_usb_basic/src/driver/r_usb_pstdrequest.o
                0x02005354                usb_peri_class_request_rss
 .text.usb_peri_class_request_wss
                0x020053a0       0x58 ./ra/fsp/src/r_usb_basic/src/driver/r_usb_pstdrequest.o
                0x020053a0                usb_peri_class_request_wss
 .text.usb_peri_class_request
                0x020053f8       0xf0 ./ra/fsp/src/r_usb_basic/src/driver/r_usb_pstdrequest.o
                0x020053f8                usb_peri_class_request
 .text.R_USB_EventGet
                0x020054e8       0x60 ./ra/fsp/src/r_usb_basic/r_usb_basic.o
                0x020054e8                R_USB_EventGet
 .text.R_USB_Open
                0x02005548      0x118 ./ra/fsp/src/r_usb_basic/r_usb_basic.o
                0x02005548                R_USB_Open
 .text.R_USB_InfoGet
                0x02005660       0xb8 ./ra/fsp/src/r_usb_basic/r_usb_basic.o
                0x02005660                R_USB_InfoGet
 .text.R_USB_Read
                0x02005718       0x54 ./ra/fsp/src/r_usb_basic/r_usb_basic.o
                0x02005718                R_USB_Read
 .text.R_USB_Write
                0x0200576c       0x54 ./ra/fsp/src/r_usb_basic/r_usb_basic.o
                0x0200576c                R_USB_Write
 .text.R_USB_PeriControlDataGet
                0x020057c0       0x44 ./ra/fsp/src/r_usb_basic/r_usb_basic.o
                0x020057c0                R_USB_PeriControlDataGet
 .text.R_USB_PeriControlDataSet
                0x02005804       0x44 ./ra/fsp/src/r_usb_basic/r_usb_basic.o
                0x02005804                R_USB_PeriControlDataSet
 .text.R_USB_PeriControlStatusSet
                0x02005848       0x30 ./ra/fsp/src/r_usb_basic/r_usb_basic.o
                0x02005848                R_USB_PeriControlStatusSet
 .text.R_SCI_B_UART_Read
                0x02005878        0xc ./ra/fsp/src/r_sci_b_uart/r_sci_b_uart.o
                0x02005878                R_SCI_B_UART_Read
 .text.R_SCI_B_UART_Write
                0x02005884       0x40 ./ra/fsp/src/r_sci_b_uart/r_sci_b_uart.o
                0x02005884                R_SCI_B_UART_Write
 .text.r_sci_b_irq_cfg
                0x020058c4       0x70 ./ra/fsp/src/r_sci_b_uart/r_sci_b_uart.o
 .text.r_sci_b_uart_call_callback
                0x02005934       0x44 ./ra/fsp/src/r_sci_b_uart/r_sci_b_uart.o
 .text.R_SCI_B_UART_Open
                0x02005978      0x284 ./ra/fsp/src/r_sci_b_uart/r_sci_b_uart.o
                0x02005978                R_SCI_B_UART_Open
 .text.sci_b_uart_txi_isr
                0x02005bfc       0x90 ./ra/fsp/src/r_sci_b_uart/r_sci_b_uart.o
                0x02005bfc                sci_b_uart_txi_isr
 .text.sci_b_uart_rxi_isr
                0x02005c8c       0x90 ./ra/fsp/src/r_sci_b_uart/r_sci_b_uart.o
                0x02005c8c                sci_b_uart_rxi_isr
 .text.sci_b_uart_tei_isr
                0x02005d1c       0x4c ./ra/fsp/src/r_sci_b_uart/r_sci_b_uart.o
                0x02005d1c                sci_b_uart_tei_isr
 .text.sci_b_uart_eri_isr
                0x02005d68       0x84 ./ra/fsp/src/r_sci_b_uart/r_sci_b_uart.o
                0x02005d68                sci_b_uart_eri_isr
 .text.R_IOPORT_PinWrite
                0x02005dec       0x28 ./ra/fsp/src/r_ioport/r_ioport.o
                0x02005dec                R_IOPORT_PinWrite
 .text.bsp_vbatt_init
                0x02005e14       0xec ./ra/fsp/src/r_ioport/r_ioport.o
 .text.r_ioport_pins_config
                0x02005f00       0xac ./ra/fsp/src/r_ioport/r_ioport.o
 .text.R_IOPORT_Open
                0x02005fac       0x14 ./ra/fsp/src/r_ioport/r_ioport.o
                0x02005fac                R_IOPORT_Open
 .text.R_IIC_MASTER_SlaveAddressSet
                0x02005fc0        0xc ./ra/fsp/src/r_iic_master/r_iic_master.o
                0x02005fc0                R_IIC_MASTER_SlaveAddressSet
 .text.R_IIC_MASTER_CallbackSet
                0x02005fcc       0x10 ./ra/fsp/src/r_iic_master/r_iic_master.o
                0x02005fcc                R_IIC_MASTER_CallbackSet
 .text.R_IIC_MASTER_StatusGet
                0x02005fdc       0x18 ./ra/fsp/src/r_iic_master/r_iic_master.o
                0x02005fdc                R_IIC_MASTER_StatusGet
 .text.iic_master_notify
                0x02005ff4       0x68 ./ra/fsp/src/r_iic_master/r_iic_master.o
 .text.iic_master_run_hw_master
                0x0200605c      0x114 ./ra/fsp/src/r_iic_master/r_iic_master.o
 .text.R_IIC_MASTER_Write
                0x02006170       0x30 ./ra/fsp/src/r_iic_master/r_iic_master.o
                0x02006170                R_IIC_MASTER_Write
 .text.R_IIC_MASTER_Read
                0x020061a0       0x34 ./ra/fsp/src/r_iic_master/r_iic_master.o
                0x020061a0                R_IIC_MASTER_Read
 .text.iic_master_open_hw_master
                0x020061d4      0x240 ./ra/fsp/src/r_iic_master/r_iic_master.o
 .text.R_IIC_MASTER_Open
                0x02006414       0xf8 ./ra/fsp/src/r_iic_master/r_iic_master.o
                0x02006414                R_IIC_MASTER_Open
 .text.R_IIC_MASTER_Abort
                0x0200650c       0x30 ./ra/fsp/src/r_iic_master/r_iic_master.o
                0x0200650c                R_IIC_MASTER_Abort
 .text.R_IIC_MASTER_Close
                0x0200653c      0x100 ./ra/fsp/src/r_iic_master/r_iic_master.o
                0x0200653c                R_IIC_MASTER_Close
 .text.iic_master_rxi_isr
                0x0200663c      0x1e4 ./ra/fsp/src/r_iic_master/r_iic_master.o
                0x0200663c                iic_master_rxi_isr
 .text.iic_master_txi_isr
                0x02006820      0x170 ./ra/fsp/src/r_iic_master/r_iic_master.o
                0x02006820                iic_master_txi_isr
 .text.iic_master_tei_isr
                0x02006990       0xe4 ./ra/fsp/src/r_iic_master/r_iic_master.o
                0x02006990                iic_master_tei_isr
 .text.iic_master_eri_isr
                0x02006a74      0x140 ./ra/fsp/src/r_iic_master/r_iic_master.o
                0x02006a74                iic_master_eri_isr
 .text.R_ICU_ExternalIrqOpen
                0x02006bb4       0x84 ./ra/fsp/src/r_icu/r_icu.o
                0x02006bb4                R_ICU_ExternalIrqOpen
 .text.R_ICU_ExternalIrqEnable
                0x02006c38       0x44 ./ra/fsp/src/r_icu/r_icu.o
                0x02006c38                R_ICU_ExternalIrqEnable
 .text.r_icu_isr
                0x02006c7c       0x78 ./ra/fsp/src/r_icu/r_icu.o
                0x02006c7c                r_icu_isr
 .text.R_DTC_Reset
                0x02006cf4       0x90 ./ra/fsp/src/r_dtc/r_dtc.o
                0x02006cf4                R_DTC_Reset
 .text.R_DTC_SoftwareStart
                0x02006d84        0x4 ./ra/fsp/src/r_dtc/r_dtc.o
                0x02006d84                R_DTC_SoftwareStart
 .text.R_DTC_SoftwareStop
                0x02006d88        0x4 ./ra/fsp/src/r_dtc/r_dtc.o
                0x02006d88                R_DTC_SoftwareStop
 .text.R_DTC_Enable
                0x02006d8c       0x20 ./ra/fsp/src/r_dtc/r_dtc.o
                0x02006d8c                R_DTC_Enable
 .text.R_DTC_Disable
                0x02006dac       0x20 ./ra/fsp/src/r_dtc/r_dtc.o
                0x02006dac                R_DTC_Disable
 .text.R_DTC_InfoGet
                0x02006dcc       0x54 ./ra/fsp/src/r_dtc/r_dtc.o
                0x02006dcc                R_DTC_InfoGet
 .text.R_DTC_Reload
                0x02006e20        0x4 ./ra/fsp/src/r_dtc/r_dtc.o
                0x02006e20                R_DTC_Reload
 .text.R_DTC_CallbackSet
                0x02006e24        0x4 ./ra/fsp/src/r_dtc/r_dtc.o
                0x02006e24                R_DTC_CallbackSet
 .text.R_DTC_Close
                0x02006e28       0x30 ./ra/fsp/src/r_dtc/r_dtc.o
                0x02006e28                R_DTC_Close
 .text.R_DTC_Reconfigure
                0x02006e58       0x8c ./ra/fsp/src/r_dtc/r_dtc.o
                0x02006e58                R_DTC_Reconfigure
 .text.R_DTC_Open
                0x02006ee4       0xc8 ./ra/fsp/src/r_dtc/r_dtc.o
                0x02006ee4                R_DTC_Open
 .text.R_AGT_Start
                0x02006fac       0x64 ./ra/fsp/src/r_agt/r_agt.o
                0x02006fac                R_AGT_Start
 .text.R_AGT_Open
                0x02007010      0x144 ./ra/fsp/src/r_agt/r_agt.o
                0x02007010                R_AGT_Open
 .text.agt_int_isr
                0x02007154       0x94 ./ra/fsp/src/r_agt/r_agt.o
                0x02007154                agt_int_isr
 .text.SystemCoreClockUpdate
                0x020071e8       0x8c ./ra/fsp/src/bsp/mcu/all/bsp_clocks.o
                0x020071e8                SystemCoreClockUpdate
 *fill*         0x02007274        0x4 ff
 .text.bsp_clock_init
                0x02007278      0x228 ./ra/fsp/src/bsp/mcu/all/bsp_clocks.o
                0x02007278                bsp_clock_init
 .text.R_BSP_Init_RTC
                0x020074a0       0x28 ./ra/fsp/src/bsp/mcu/all/bsp_clocks.o
                0x020074a0                R_BSP_Init_RTC
 .text.bsp_prv_software_delay_loop
                0x020074c8        0xc ./ra/fsp/src/bsp/mcu/all/bsp_delay.o
                0x020074c8                bsp_prv_software_delay_loop
 .text.R_BSP_SoftwareDelay
                0x020074d4       0x80 ./ra/fsp/src/bsp/mcu/all/bsp_delay.o
                0x020074d4                R_BSP_SoftwareDelay
 .text.NMI_Handler
                0x02007554       0x44 ./ra/fsp/src/bsp/mcu/all/bsp_group_irq.o
                0x02007554                NMI_Handler
 .text.bsp_irq_cfg
                0x02007598       0x2c ./ra/fsp/src/bsp/mcu/all/bsp_irq.o
                0x02007598                bsp_irq_cfg
 .text.R_BSP_RegisterProtectEnable
                0x020075c4       0x60 ./ra/fsp/src/bsp/mcu/all/bsp_register_protection.o
                0x020075c4                R_BSP_RegisterProtectEnable
 .text.R_BSP_RegisterProtectDisable
                0x02007624       0x54 ./ra/fsp/src/bsp/mcu/all/bsp_register_protection.o
                0x02007624                R_BSP_RegisterProtectDisable
 .text.R_BSP_SdramInit
                0x02007678       0xcc ./ra/fsp/src/bsp/mcu/all/bsp_sdram.o
                0x02007678                R_BSP_SdramInit
 .text.Default_Handler
                0x02007744        0x4 ./ra/fsp/src/bsp/cmsis/Device/RENESAS/Source/startup.o
                0x02007744                DebugMon_Handler
                0x02007744                HardFault_Handler
                0x02007744                SysTick_Handler
                0x02007744                PendSV_Handler
                0x02007744                UsageFault_Handler
                0x02007744                SecureFault_Handler
                0x02007744                Default_Handler
                0x02007744                MemManage_Handler
                0x02007744                SVC_Handler
                0x02007744                BusFault_Handler
 .text.Reset_Handler
                0x02007748        0xc ./ra/fsp/src/bsp/cmsis/Device/RENESAS/Source/startup.o
                0x02007748                Reset_Handler
 *fill*         0x02007754        0x4 ff
 .text.SystemInit
                0x02007758      0x1f0 ./ra/fsp/src/bsp/cmsis/Device/RENESAS/Source/system.o
                0x02007758                SystemInit
 .text.bsp_init
                0x02007948        0x8 ./ra/board/ra8d1_aik/board_init.o
                0x02007948                bsp_init
 .text.memset   0x02007950       0x10 C:/Renesas/RA/e2studio_v2025-01_fsp_v5.8.0/toolchains/gcc_arm/13.2.rel1/bin/../lib/gcc/arm-none-eabi/13.2.1/thumb/v8-m.main+dp/hard\libg_nano.a(libc_a-memset.o)
                0x02007950                memset
 .text.memcpy   0x02007960       0x1a C:/Renesas/RA/e2studio_v2025-01_fsp_v5.8.0/toolchains/gcc_arm/13.2.rel1/bin/../lib/gcc/arm-none-eabi/13.2.1/thumb/v8-m.main+dp/hard\libg_nano.a(libc_a-memcpy-stub.o)
                0x02007960                memcpy
 *(.version)
 *fill*         0x0200797a        0x2 ff
 .version       0x0200797c       0x50 ./ra/fsp/src/bsp/mcu/all/bsp_common.o
 *(.init)
 .init          0x020079cc        0x4 C:/Renesas/RA/e2studio_v2025-01_fsp_v5.8.0/toolchains/gcc_arm/13.2.rel1/bin/../lib/gcc/arm-none-eabi/13.2.1/thumb/v8-m.main+dp/hard/crti.o
                0x020079cc                _init
 .init          0x020079d0        0x8 C:/Renesas/RA/e2studio_v2025-01_fsp_v5.8.0/toolchains/gcc_arm/13.2.rel1/bin/../lib/gcc/arm-none-eabi/13.2.1/thumb/v8-m.main+dp/hard/crtn.o
 *(.fini)
 .fini          0x020079d8        0x4 C:/Renesas/RA/e2studio_v2025-01_fsp_v5.8.0/toolchains/gcc_arm/13.2.rel1/bin/../lib/gcc/arm-none-eabi/13.2.1/thumb/v8-m.main+dp/hard/crti.o
                0x020079d8                _fini
 .fini          0x020079dc        0x8 C:/Renesas/RA/e2studio_v2025-01_fsp_v5.8.0/toolchains/gcc_arm/13.2.rel1/bin/../lib/gcc/arm-none-eabi/13.2.1/thumb/v8-m.main+dp/hard/crtn.o
 *crtbegin.o(.ctors)
 *crtbegin?.o(.ctors)
 *(EXCLUDE_FILE(*crtend.o *crtend?.o) .ctors)
 *(SORT_BY_NAME(.ctors.*))
 *(.ctors)
 *crtbegin.o(.dtors)
 *crtbegin?.o(.dtors)
 *(EXCLUDE_FILE(*crtend.o *crtend?.o) .dtors)
 *(SORT_BY_NAME(.dtors.*))
 *(.dtors)
 *(.rodata*)
 .rodata._DoInit.str1.4
                0x020079e4      0x311 ./src/SEGGER_RTT/SEGGER_RTT.o
                                  0x9 (size before relaxing)
 *fill*         0x02007cf5        0x3 ff
 .rodata._aInitStr.0
                0x02007cf8       0x11 ./src/SEGGER_RTT/SEGGER_RTT.o
 .rodata.SEGGER_RTT_vprintf.str1.4
                0x02007d09        0x7 ./src/SEGGER_RTT/SEGGER_RTT_printf.o
 *fill*         0x02007d09        0x7 ff
 .rodata._aV2C.0
                0x02007d10       0x10 ./src/SEGGER_RTT/SEGGER_RTT_printf.o
 .rodata.hal_entry.str1.4
                0x02007d20      0x2fd ./src/hal_entry.o
 .rodata.g_usb_descriptor
                0x02007d20       0x18 ./src/r_usb_pcdc_descriptor.o
                0x02007d20                g_usb_descriptor
 .rodata.g_external_irq11_pmod1_cfg
                0x02007d38       0x14 ./ra_gen/common_data.o
                0x02007d38                g_external_irq11_pmod1_cfg
 .rodata.g_i2c_master1
                0x02007d4c        0xc ./ra_gen/common_data.o
                0x02007d4c                g_i2c_master1
 .rodata.g_i2c_master1_cfg
                0x02007d58       0x28 ./ra_gen/common_data.o
                0x02007d58                g_i2c_master1_cfg
 .rodata.g_i2c_master1_extend
                0x02007d80        0x8 ./ra_gen/common_data.o
                0x02007d80                g_i2c_master1_extend
 .rodata.g_transfer0
                0x02007d88        0xc ./ra_gen/common_data.o
                0x02007d88                g_transfer0
 .rodata.g_transfer0_cfg
                0x02007d94        0x8 ./ra_gen/common_data.o
                0x02007d94                g_transfer0_cfg
 .rodata.g_transfer0_cfg_extend
                0x02007d9c        0x1 ./ra_gen/common_data.o
                0x02007d9c                g_transfer0_cfg_extend
 *fill*         0x02007d9d        0x3 ff
 .rodata.g_basic0_cfg
                0x02007da0       0x30 ./ra_gen/hal_data.o
                0x02007da0                g_basic0_cfg
 .rodata.g_comms_i2c_device1_cfg
                0x02007dd0       0x14 ./ra_gen/hal_data.o
                0x02007dd0                g_comms_i2c_device1_cfg
 .rodata.g_comms_i2c_device1_lower_level_cfg
                0x02007de4       0x28 ./ra_gen/hal_data.o
                0x02007de4                g_comms_i2c_device1_lower_level_cfg
 .rodata.g_timer0_cfg
                0x02007e0c       0x20 ./ra_gen/hal_data.o
                0x02007e0c                g_timer0_cfg
 .rodata.g_timer0_extend
                0x02007e2c        0x8 ./ra_gen/hal_data.o
                0x02007e2c                g_timer0_extend
 .rodata.g_uart3_cfg
                0x02007e34       0x20 ./ra_gen/hal_data.o
                0x02007e34                g_uart3_cfg
 .rodata.g_uart3_cfg_extend
                0x02007e54       0x14 ./ra_gen/hal_data.o
                0x02007e54                g_uart3_cfg_extend
 .rodata.g_bsp_pin_cfg
                0x02007e68        0xc ./ra_gen/pin_data.o
                0x02007e68                g_bsp_pin_cfg
 .rodata.g_bsp_pin_cfg_data
                0x02007e74      0x428 ./ra_gen/pin_data.o
                0x02007e74                g_bsp_pin_cfg_data
 *fill*         0x0200829c        0x4 ff
 .rodata.g_interrupt_event_link_select
                0x020082a0       0xc0 ./ra_gen/vector_data.o
                0x020082a0                g_interrupt_event_link_select
 .rodata.g_usb_pipe_peri
                0x02008360       0x12 ./ra/fsp/src/r_usb_basic/src/driver/r_usb_cdataio.o
 *fill*         0x02008372        0x2 ff
 .rodata.g_vbatt_pins_input
                0x02008374        0x6 ./ra/fsp/src/r_ioport/r_ioport.o
 *fill*         0x0200837a        0x2 ff
 .rodata.g_i2c_master_on_iic
                0x0200837c       0x20 ./ra/fsp/src/r_iic_master/r_iic_master.o
                0x0200837c                g_i2c_master_on_iic
 .rodata.g_transfer_on_dtc
                0x0200839c       0x2c ./ra/fsp/src/r_dtc/r_dtc.o
                0x0200839c                g_transfer_on_dtc
 .rodata.g_prcr_masks
                0x020083c8        0x8 ./ra/fsp/src/bsp/mcu/all/bsp_register_protection.o
                0x020083d0                        __usb_dev_descriptor_start_fs = .
 *(.usb_device_desc_fs*)
                0x020083d0                        __usb_cfg_descriptor_start_fs = .
 *(.usb_config_desc_fs*)
                0x020083d0                        __usb_interface_descriptor_start_fs = .
 *(.usb_interface_desc_fs*)
                0x020083d0                        __usb_descriptor_end_fs = .
                0x020083d0                        __usb_dev_descriptor_start_hs = .
 *(.usb_device_desc_hs*)
                0x020083d0                        __usb_cfg_descriptor_start_hs = .
 *(.usb_config_desc_hs*)
                0x020083d0                        __usb_interface_descriptor_start_hs = .
 *(.usb_interface_desc_hs*)
                0x020083d0                        __usb_descriptor_end_hs = .
 *(.eh_frame*)
 .eh_frame      0x020083d0        0x0 C:/Renesas/RA/e2studio_v2025-01_fsp_v5.8.0/toolchains/gcc_arm/13.2.rel1/bin/../lib/gcc/arm-none-eabi/13.2.1/thumb/v8-m.main+dp/hard/crtbegin.o
 .eh_frame      0x020083d0       0x28 C:/Renesas/RA/e2studio_v2025-01_fsp_v5.8.0/toolchains/gcc_arm/13.2.rel1/bin/../lib/gcc/arm-none-eabi/13.2.1/thumb/v8-m.main+dp/hard\libg_nano.a(libc_a-strlen.o)
 .eh_frame      0x020083f8        0x4 C:/Renesas/RA/e2studio_v2025-01_fsp_v5.8.0/toolchains/gcc_arm/13.2.rel1/bin/../lib/gcc/arm-none-eabi/13.2.1/thumb/v8-m.main+dp/hard/crtend.o
                0x020083fc                        __ROM_End = .
                0x000001c0                        __Vectors_Size = (__Vectors_End - __Vectors)

.glue_7         0x020083fc        0x0
 .glue_7        0x020083fc        0x0 linker stubs

.glue_7t        0x020083fc        0x0
 .glue_7t       0x020083fc        0x0 linker stubs

.vfp11_veneer   0x020083fc        0x0
 .vfp11_veneer  0x020083fc        0x0 linker stubs

.v4_bx          0x020083fc        0x0
 .v4_bx         0x020083fc        0x0 linker stubs

.iplt           0x020083fc        0x0
 .iplt          0x020083fc        0x0 C:/Renesas/RA/e2studio_v2025-01_fsp_v5.8.0/toolchains/gcc_arm/13.2.rel1/bin/../lib/gcc/arm-none-eabi/13.2.1/thumb/v8-m.main+dp/hard/crtbegin.o
                0x020083fc                        . = .
                0x020083fc                        __itcm_data_pre_location = .

.itcm_data      0x00000000        0x0 load address 0x02008400
                0x00000000                        __tz_ITCM_S = ABSOLUTE (ITCM_START)
                0x00000000                        __itcm_data_start = .
 *(.itcm_data*)
                0x00000000                        . = ALIGN (0x8)
                0x00000000                        __itcm_data_end = .
                0x00000000                        __tz_ITCM_N = DEFINED (ITCM_NS_START)?ABSOLUTE (ITCM_NS_START):ALIGN (__itcm_data_end, 0x2000)
                0x02008400                        __itcm_data_init_start = LOADADDR (.itcm_data)
                0x02008400                        __itcm_data_init_end = (LOADADDR (.itcm_data) + SIZEOF (.itcm_data))
                0x00000001                        ASSERT (((ORIGIN (ITCM) % 0x8) == 0x0), ITCM memory region origin must be aligned to 8 bytes.)
                0x00000001                        ASSERT (((LENGTH (ITCM) % 0x8) == 0x0), ITCM memory region length must be a multiple of 8 bytes.)
                0x00000001                        ASSERT (((LOADADDR (.itcm_data) % 0x10) == 0x0), .itcm_data section must be aligned to 16 bytes.)
                0x00000001                        ASSERT (((SIZEOF (.itcm_data) % 0x8) == 0x0), .itcm_data section size must be a multiple of 8 bytes.)
                0x020083fc                        . = (SIZEOF (.itcm_data) > 0x0)?__itcm_data_init_end:__itcm_data_pre_location
                0x020083fc                        __exidx_start = .

/DISCARD/
 *(.ARM.extab* .gnu.linkonce.armextab.*)
 *(.ARM.exidx* .gnu.linkonce.armexidx.*)
                0x020083fc                        __exidx_end = .
                0x020083fc                        __etext = .
                0x22000000                        __tz_RAM_S = ORIGIN (RAM)

.fsp_dtc_vector_table
                0x22000000      0x180
                0x22000000                        . = ORIGIN (RAM)
 *(.fsp_dtc_vector_table)
 .fsp_dtc_vector_table
                0x22000000      0x180 ./ra/fsp/src/r_dtc/r_dtc.o

.data           0x22000180      0x280 load address 0x020083fc
                0x22000180                        __data_start__ = .
                0x22000180                        . = ALIGN (0x4)
                0x22000180                        __Code_In_RAM_Start = .
 *(.code_in_ram*)
                0x22000180                        __Code_In_RAM_End = .
 *(vtable)
 *(.data.*)
 .data.i2c_io_drm_icm42670_cfg_p
                0x22000180        0x4 ./src/I2C_device_icm42670/i2c_iodrm_icm42670.o
                0x22000180                i2c_io_drm_icm42670_cfg_p
 .data.i2c_io_drm_icm42670_cfg
                0x22000184       0x1c ./src/I2C_device_icm42670/i2c_iodrm_icm42670.o
                0x22000184                i2c_io_drm_icm42670_cfg
 .data.gp_apl_string_table
                0x220001a0       0x1c ./src/r_usb_pcdc_descriptor.o
                0x220001a0                gp_apl_string_table
 *fill*         0x220001bc        0x4 
 .data.g_cdc_string_descriptor6
                0x220001c0       0x1c ./src/r_usb_pcdc_descriptor.o
                0x220001c0                g_cdc_string_descriptor6
 *fill*         0x220001dc        0x4 
 .data.g_cdc_string_descriptor5
                0x220001e0       0x12 ./src/r_usb_pcdc_descriptor.o
                0x220001e0                g_cdc_string_descriptor5
 *fill*         0x220001f2        0x6 
 .data.g_cdc_string_descriptor4
                0x220001f8       0x16 ./src/r_usb_pcdc_descriptor.o
                0x220001f8                g_cdc_string_descriptor4
 *fill*         0x2200020e        0x2 
 .data.g_cdc_string_descriptor3
                0x22000210       0x2e ./src/r_usb_pcdc_descriptor.o
                0x22000210                g_cdc_string_descriptor3
 *fill*         0x2200023e        0x2 
 .data.g_cdc_string_descriptor2
                0x22000240       0x2c ./src/r_usb_pcdc_descriptor.o
                0x22000240                g_cdc_string_descriptor2
 *fill*         0x2200026c        0x4 
 .data.g_cdc_string_descriptor1
                0x22000270       0x10 ./src/r_usb_pcdc_descriptor.o
                0x22000270                g_cdc_string_descriptor1
 .data.g_cdc_string_descriptor0
                0x22000280        0x4 ./src/r_usb_pcdc_descriptor.o
                0x22000280                g_cdc_string_descriptor0
 *fill*         0x22000284        0x4 
 .data.g_apl_hs_configuration
                0x22000288       0x44 ./src/r_usb_pcdc_descriptor.o
                0x22000288                g_apl_hs_configuration
 *fill*         0x220002cc        0x4 
 .data.g_apl_configuration
                0x220002d0       0x44 ./src/r_usb_pcdc_descriptor.o
                0x220002d0                g_apl_configuration
 .data.g_apl_qualifier_descriptor
                0x22000314        0xa ./src/r_usb_pcdc_descriptor.o
                0x22000314                g_apl_qualifier_descriptor
 *fill*         0x2200031e        0x2 
 .data.g_apl_device
                0x22000320       0x12 ./src/r_usb_pcdc_descriptor.o
                0x22000320                g_apl_device
 *fill*         0x22000332        0x2 
 .data.g_comms_i2c_bus1_extended_cfg
                0x22000334       0x14 ./ra_gen/common_data.o
                0x22000334                g_comms_i2c_bus1_extended_cfg
 .data.g_transfer0_info
                0x22000348       0x10 ./ra_gen/common_data.o
                0x22000348                g_transfer0_info
 .data.g_uart3_baud_setting
                0x22000358        0x4 ./ra_gen/hal_data.o
                0x22000358                g_uart3_baud_setting
 .data.g_usb_pcdc_serialstate_table
                0x2200035c        0xa ./ra/fsp/src/r_usb_basic/src/driver/r_usb_cdataio.o
                0x2200035c                g_usb_pcdc_serialstate_table
 *fill*         0x22000366        0x2 
 .data.g_usb_callback
                0x22000368       0x90 ./ra/fsp/src/r_usb_basic/src/driver/r_usb_cdataio.o
                0x22000368                g_usb_callback
 *(.data)
                0x220003f8                        . = ALIGN (0x4)
                0x220003f8                        PROVIDE (__preinit_array_start = .)
 *(.preinit_array)
                0x220003f8                        PROVIDE (__preinit_array_end = .)
                0x220003f8                        . = ALIGN (0x4)
                0x220003f8                        PROVIDE (__init_array_start = .)
 *(SORT_BY_NAME(.init_array.*))
 *(.init_array)
 .init_array    0x220003f8        0x4 C:/Renesas/RA/e2studio_v2025-01_fsp_v5.8.0/toolchains/gcc_arm/13.2.rel1/bin/../lib/gcc/arm-none-eabi/13.2.1/thumb/v8-m.main+dp/hard/crtbegin.o
                0x220003fc                        PROVIDE (__init_array_end = .)
                0x220003fc                        . = ALIGN (0x4)
                [!provide]                        PROVIDE (__fini_array_start = .)
 *(SORT_BY_NAME(.fini_array.*))
 *(.fini_array)
 .fini_array    0x220003fc        0x4 C:/Renesas/RA/e2studio_v2025-01_fsp_v5.8.0/toolchains/gcc_arm/13.2.rel1/bin/../lib/gcc/arm-none-eabi/13.2.1/thumb/v8-m.main+dp/hard/crtbegin.o
                [!provide]                        PROVIDE (__fini_array_end = .)
 *(.jcr*)
                0x22000400                        . = ALIGN (0x4)
                0x22000400                        __data_end__ = .

.tm_clone_table
                0x22000400        0x0 load address 0x0200867c
 .tm_clone_table
                0x22000400        0x0 C:/Renesas/RA/e2studio_v2025-01_fsp_v5.8.0/toolchains/gcc_arm/13.2.rel1/bin/../lib/gcc/arm-none-eabi/13.2.1/thumb/v8-m.main+dp/hard/crtbegin.o
 .tm_clone_table
                0x22000400        0x0 C:/Renesas/RA/e2studio_v2025-01_fsp_v5.8.0/toolchains/gcc_arm/13.2.rel1/bin/../lib/gcc/arm-none-eabi/13.2.1/thumb/v8-m.main+dp/hard/crtend.o

.igot.plt       0x22000400        0x0 load address 0x0200867c
 .igot.plt      0x22000400        0x0 C:/Renesas/RA/e2studio_v2025-01_fsp_v5.8.0/toolchains/gcc_arm/13.2.rel1/bin/../lib/gcc/arm-none-eabi/13.2.1/thumb/v8-m.main+dp/hard/crtbegin.o
                0x22000400                        . = .
                0x0200867c                        __dtcm_data_pre_location = (LOADADDR (.data) + SIZEOF (.data))

.dtcm_data      0x20000000        0x0 load address 0x02008680
                0x20000000                        __tz_DTCM_S = ABSOLUTE (DTCM_START)
                0x20000000                        __dtcm_data_start = .
 *(.dtcm_data*)
                0x20000000                        . = ALIGN (0x8)
                0x20000000                        __dtcm_data_end = .
                0x20000000                        . = __dtcm_data_end

.dtcm_bss       0x20000000        0x0
                0x20000000                        __dtcm_bss_start = .
 *(.dtcm_bss*)
                0x20000000                        . = ALIGN (0x8)
                0x20000000                        __dtcm_bss_end = .
                0x20000000                        __tz_DTCM_N = DEFINED (DTCM_NS_START)?ABSOLUTE (DTCM_NS_START):ALIGN (__dtcm_bss_end, 0x2000)
                0x02008680                        __dtcm_data_init_start = LOADADDR (.dtcm_data)
                0x02008680                        __dtcm_data_init_end = (LOADADDR (.dtcm_data) + SIZEOF (.dtcm_data))
                0x00000001                        ASSERT (((ORIGIN (DTCM) % 0x8) == 0x0), DTCM memory region origin must be aligned to 8 bytes.)
                0x00000001                        ASSERT (((LENGTH (DTCM) % 0x8) == 0x0), DTCM memory region length must be a multiple of 8 bytes.)
                0x00000001                        ASSERT ((LOADADDR (.dtcm_bss) == ADDR (.dtcm_bss)), .dtcm_bss has (VMA != LMA) but should be NOLOAD (VMA == LMA).)
                0x00000001                        ASSERT (((LOADADDR (.dtcm_data) % 0x10) == 0x0), .dtcm_data section must be aligned to 16 bytes.)
                0x00000001                        ASSERT (((SIZEOF (.dtcm_data) % 0x8) == 0x0), .dtcm_data section size must be a multiple of 8 bytes.)
                0x00000001                        ASSERT (((LOADADDR (.dtcm_bss) % 0x8) == 0x0), .dtcm_bss section must be aligned to 8 bytes.)
                0x00000001                        ASSERT (((SIZEOF (.dtcm_bss) % 0x8) == 0x0), .dtcm_bss section size must be a multiple of 8 bytes.)
                0x00000001                        ASSERT ((__dtcm_bss_start == __dtcm_data_end), .dtcm_bss section is not adjacent to .dtcm_data section.)
                0x0200867c                        . = (SIZEOF (.dtcm_data) > 0x0)?__dtcm_data_init_end:__dtcm_data_pre_location
                0x0200867c                        sgstubs_pre_location = .
                0x02008800                        SGSTUBS_LOC = (DEFINED (PROJECT_SECURE) && DEFINED (FLASH_NSC_START))?ABSOLUTE (FLASH_NSC_START):ALIGN (0x400)

.gnu.sgstubs    0x02008800        0x0
                0x02008800                        __FLASH_NSC_START = DEFINED (FLASH_NSC_START)?ABSOLUTE (FLASH_NSC_START):__RESERVE_NS_RAM?ABSOLUTE ((FLASH_START + FLASH_LENGTH)):ALIGN (0x400)
                0x02008800                        _start_sg = .
 *(.gnu.sgstubs*)
                0x02008800                        . = ALIGN (0x20)
                0x02008800                        _end_sg = .
                0x02010000                        __tz_FLASH_N = DEFINED (FLASH_NS_START)?ABSOLUTE (FLASH_NS_START):__RESERVE_NS_RAM?ABSOLUTE ((FLASH_START + FLASH_LENGTH)):(FLASH_LENGTH < 0x8000)?FLASH_LENGTH:ALIGN (0x8000)
                0x02010000                        FLASH_NS_IMAGE_START = DEFINED (FLASH_NS_IMAGE_START)?FLASH_NS_IMAGE_START:__tz_FLASH_N
                0x60000000                        __tz_QSPI_FLASH_S = ORIGIN (QSPI_FLASH)

.qspi_flash     0x60000000        0x0
                0x60000000                        __qspi_flash_start__ = .
 *(.qspi_flash*)
 *(.code_in_qspi*)
                0x60000000                        __qspi_flash_end__ = .
                0x00000000                        __qspi_flash_code_size__ = (__qspi_flash_end__ - __qspi_flash_start__)
                0x0200867c                        __qspi_flash_code_addr__ = sgstubs_pre_location

.qspi_non_retentive
                0x60000000        0x0 load address 0x0200867c
                0x60000000                        __qspi_non_retentive_start__ = .
 *(.qspi_non_retentive*)
                0x60000000                        __qspi_non_retentive_end__ = .
                0x00000000                        __qspi_non_retentive_size__ = (__qspi_non_retentive_end__ - __qspi_non_retentive_start__)
                0x04000000                        __qspi_region_max_size__ = 0x4000000
                0x60000000                        __qspi_region_start_address__ = __qspi_flash_start__
                0x64000000                        __qspi_region_end_address__ = (__qspi_flash_start__ + __qspi_region_max_size__)
                0x60000000                        __tz_QSPI_FLASH_N = __qspi_non_retentive_end__

.OSPI_DEVICE_0_NO_LOAD
                0x80000000        0x0
                0x80000000                        . = ALIGN (0x4)
                0x80000000                        __ospi_device_0_start__ = .
 *(.ospi_device_0_no_load*)
                0x80000000                        . = ALIGN (0x4)
                0x80000000                        __ospi_device_0_end__ = .

.OSPI_DEVICE_1_NO_LOAD
                0x90000000        0x0
                0x90000000                        . = ALIGN (0x4)
                0x90000000                        __ospi_device_1_start__ = .
 *(.ospi_device_1_no_load*)
                0x90000000                        . = ALIGN (0x4)
                0x90000000                        __ospi_device_1_end__ = .
                0x80000000                        __tz_OSPI_DEVICE_0_S = ORIGIN (OSPI_DEVICE_0)

.OSPI_DEVICE_0  0x80000000        0x0
                0x80000000                        __ospi_device_0_start__ = .
 *(.ospi_device_0*)
 *(.code_in_ospi_device_0*)
                0x80000000                        __ospi_device_0_end__ = .
                0x00000000                        __ospi_device_0_code_size__ = (__ospi_device_0_end__ - __ospi_device_0_start__)
                0x0200867c                        __ospi_device_0_code_addr__ = (sgstubs_pre_location + SIZEOF (.qspi_non_retentive))

.ospi_device_0_non_retentive
                0x80000000        0x0 load address 0x0200867c
                0x80000000                        __ospi_device_0_non_retentive_start__ = .
 *(.ospi_device_0_non_retentive*)
                0x80000000                        __ospi_device_0_non_retentive_end__ = .
                0x00000000                        __ospi_device_0_non_retentive_size__ = (__ospi_device_0_non_retentive_end__ - __ospi_device_0_non_retentive_start__)
                0x08000000                        __ospi_device_0_region_max_size__ = 0x8000000
                0x80000000                        __ospi_device_0_region_start_address__ = __ospi_device_0_start__
                0x88000000                        __ospi_device_0_region_end_address__ = (__ospi_device_0_start__ + __ospi_device_0_region_max_size__)
                0x80000000                        __tz_OSPI_DEVICE_0_N = __ospi_device_0_non_retentive_end__
                0x90000000                        __tz_OSPI_DEVICE_1_S = ORIGIN (OSPI_DEVICE_1)

.OSPI_DEVICE_1  0x90000000        0x0
                0x90000000                        __ospi_device_1_start__ = .
 *(.ospi_device_1*)
 *(.code_in_ospi_device_1*)
                0x90000000                        __ospi_device_1_end__ = .
                0x00000000                        __ospi_device_1_code_size__ = (__ospi_device_1_end__ - __ospi_device_1_start__)
                0x0200867c                        __ospi_device_1_code_addr__ = (sgstubs_pre_location + (SIZEOF (.qspi_non_retentive) + SIZEOF (.ospi_device_0_non_retentive)))

.ospi_device_1_non_retentive
                0x90000000        0x0 load address 0x0200867c