T36C0 000:000.422   SEGGER J-Link V8.12c Log File
T36C0 000:000.520   DLL Compiled: Jan 22 2025 12:55:59
T36C0 000:000.526   Logging started @ 2025-09-03 08:15
T36C0 000:000.530   Process: C:\Users\UILAB\.eclipse\com.renesas.platform_1309835749\DebugComp\RA\e2-server-gdb.exe
T36C0 000:000.537 - 0.533ms 
T36C0 000:000.547 JLINK_GetDLLVersion()
T36C0 000:000.551 - 0.004ms returns 81203
T36C0 000:002.020 JLINK_OpenEx(...)
T36C0 000:006.985   Firmware: J-Link OB-RA4M2 compiled Jan 22 2025 10:52:12
T36C0 000:007.642   Firmware: J-Link OB-RA4M2 compiled Jan 22 2025 10:52:12
T36C0 000:021.103   Hardware: V1.00
T36C0 000:021.118   S/N: 1080618203
T36C0 000:021.123   OEM: SEGGER
T36C0 000:021.128   Feature(s): None
T36C0 000:021.646   Bootloader: 2021 May 14
T36C0 000:022.019   USB speed mode: Full speed (12 MBit/s)
T36C0 000:022.265   TELNET listener socket opened on port 19021
T36C0 000:022.367   WEBSRV WEBSRV_Init(): Starting webserver thread(s)
T36C0 000:022.461   WEBSRV Webserver running on local port 19080
T36C0 000:022.534   Looking for J-Link GUI Server exe at: C:\Users\UILAB\.eclipse\com.renesas.platform_1309835749\DebugComp\RA\ARM\Segger_v8.12.3\JLinkGUIServer.exe
T36C0 000:022.584   Looking for J-Link GUI Server exe at: C:\Program Files\SEGGER\JLink_V810c\JLinkGUIServer.exe
T36C0 000:022.605   Forking J-Link GUI Server: C:\Program Files\SEGGER\JLink_V810c\JLinkGUIServer.exe
T36C0 000:036.414   J-Link GUI Server info: "J-Link GUI server V8.10c "
T36C0 000:038.837 - 36.814ms returns "O.K."
T36C0 000:038.905 JLINK_TIF_Select(JLINKARM_TIF_SWD)
T36C0 000:039.325 - 0.419ms returns 0x00
T36C0 000:039.348 JLINK_ClrRESET()
T36C0 000:039.543 - 0.194ms 
T36C0 000:089.878 JLINK_SetSpeed(1500)
T36C0 000:089.982 - 0.109ms 
T36C0 000:090.005 JLINK_CORESIGHT_Configure(PerformTIFInit=0)
T36C0 000:090.330 - 0.328ms returns 0
T36C0 000:090.343 JLINK_CORESIGHT_ReadAPDPReg(DP reg 0x00)
T36C0 000:090.694   Value=0x6BA02477
T36C0 000:090.700 - 0.358ms returns 0
T36C0 000:090.711 JLINK_CORESIGHT_WriteAPDPReg(DP reg 0x00, 0x0000001F)
T36C0 000:090.953 - 0.241ms returns 0
T36C0 000:090.959 JLINK_CORESIGHT_ReadAPDPReg(DP reg 0x00)
T36C0 000:091.129   Value=0x6BA02477
T36C0 000:091.134 - 0.175ms returns 0
T36C0 000:091.141 JLINK_CORESIGHT_WriteAPDPReg(DP reg 0x02, 0x00000000)
T36C0 000:091.289 - 0.148ms returns 0
T36C0 000:091.296 JLINK_CORESIGHT_WriteAPDPReg(DP reg 0x01, 0x50000000)
T36C0 000:091.450 - 0.154ms returns 0
T36C0 000:091.723 JLINK_CORESIGHT_ReadAPDPReg(DP reg 0x01)
T36C0 000:091.953   Value=0xF0000000
T36C0 000:091.958 - 0.235ms returns 0
T36C0 000:091.963 JLINK_CORESIGHT_WriteAPDPReg(DP reg 0x00, 0x0000001F)
T36C0 000:092.111 - 0.148ms returns 0
T36C0 000:092.116 JLINK_CORESIGHT_ReadAPDPReg(DP reg 0x00)
T36C0 000:092.290   Value=0x6BA02477
T36C0 000:092.295 - 0.178ms returns 0
T36C0 000:092.300 JLINK_CORESIGHT_WriteAPDPReg(DP reg 0x01, 0x54000000)
T36C0 000:092.450 - 0.150ms returns 0
T36C0 000:092.455 JLINK_CORESIGHT_WriteAPDPReg(DP reg 0x01, 0x50000F00)
T36C0 000:092.604 - 0.149ms returns 0
T36C0 000:092.609 JLINK_CORESIGHT_WriteAPDPReg(DP reg 0x02, 0x01000000)
T36C0 000:092.757 - 0.148ms returns 0
T36C0 000:092.762 JLINK_CORESIGHT_WriteAPDPReg(AP reg 0x00, 0x80000002)
T36C0 000:092.953 - 0.190ms returns 0
T36C0 000:092.958 JLINK_CORESIGHT_WriteAPDPReg(AP reg 0x01, 0x80011100)
T36C0 000:093.108 - 0.150ms returns 0
T36C0 000:093.113 JLINK_CORESIGHT_WriteAPDPReg(AP reg 0x03, 0x000000A5)
T36C0 000:093.259 - 0.146ms returns 0
T36C0 000:093.264 JLINK_CORESIGHT_WriteAPDPReg(AP reg 0x00, 0x80000002)
T36C0 000:093.412 - 0.148ms returns 0
T36C0 000:093.417 JLINK_CORESIGHT_WriteAPDPReg(AP reg 0x01, 0x80011100)
T36C0 000:093.589 - 0.172ms returns 0
T36C0 000:093.595 JLINK_CORESIGHT_ReadAPDPReg(AP reg 0x03)
T36C0 000:093.795   Value=0x000000A5
T36C0 000:093.801 - 0.205ms returns 0
T36C0 000:093.806 JLINK_ClrTMS()
T36C0 000:093.842 - 0.036ms 
T36C0 000:099.893 JLINK_SetTCK()
T36C0 000:099.994 - 0.103ms returns 0
T36C0 000:105.422 JLINK_SetRESET()
T36C0 000:105.518 - 0.095ms 
T36C0 000:306.521 JLINK_CORESIGHT_WriteAPDPReg(AP reg 0x00, 0x80000002)
T36C0 000:306.796 - 0.275ms returns 0
T36C0 000:306.812 JLINK_CORESIGHT_WriteAPDPReg(AP reg 0x01, 0x80011100)
T36C0 000:306.985 - 0.173ms returns 0
T36C0 000:306.994 JLINK_CORESIGHT_ReadAPDPReg(AP reg 0x03)
T36C0 000:307.231   Value=0x00000000
T36C0 000:307.240 - 0.247ms returns 0
T36C0 000:307.250 JLINK_CORESIGHT_WriteAPDPReg(AP reg 0x00, 0x80000002)
T36C0 000:307.410 - 0.160ms returns 0
T36C0 000:307.418 JLINK_CORESIGHT_WriteAPDPReg(AP reg 0x01, 0x80011140)
T36C0 000:307.580 - 0.161ms returns 0
T36C0 000:307.590 JLINK_CORESIGHT_ReadAPDPReg(AP reg 0x03)
T36C0 000:307.800   Value=0x00000002
T36C0 000:307.809 - 0.220ms returns 0
T36C0 000:307.825 JLINK_CORESIGHT_WriteAPDPReg(AP reg 0x00, 0x80000002)
T36C0 000:307.989 - 0.164ms returns 0
T36C0 000:307.998 JLINK_CORESIGHT_WriteAPDPReg(AP reg 0x01, 0x80011120)
T36C0 000:308.157 - 0.159ms returns 0
T36C0 000:308.166 JLINK_CORESIGHT_WriteAPDPReg(AP reg 0x03, 0x00000055)
T36C0 000:308.329 - 0.163ms returns 0
T36C0 000:308.338 JLINK_CORESIGHT_WriteAPDPReg(AP reg 0x00, 0x80000002)
T36C0 000:308.499 - 0.161ms returns 0
T36C0 000:308.508 JLINK_CORESIGHT_WriteAPDPReg(AP reg 0x01, 0x80011140)
T36C0 000:308.668 - 0.159ms returns 0
T36C0 000:308.676 JLINK_CORESIGHT_ReadAPDPReg(AP reg 0x03)
T36C0 000:308.957   Value=0x00000000
T36C0 000:308.966 - 0.289ms returns 0
T36C0 000:308.974 JLINK_CORESIGHT_WriteAPDPReg(AP reg 0x00, 0x80000002)
T36C0 000:309.138 - 0.164ms returns 0
T36C0 000:309.146 JLINK_CORESIGHT_WriteAPDPReg(AP reg 0x01, 0x80011130)
T36C0 000:309.312 - 0.165ms returns 0
T36C0 000:309.321 JLINK_CORESIGHT_ReadAPDPReg(AP reg 0x03)
T36C0 000:309.620   Value=0x000000C6
T36C0 000:309.637 - 0.315ms returns 0
T36C0 000:309.657 JLINK_CORESIGHT_WriteAPDPReg(AP reg 0x00, 0x80000002)
T36C0 000:309.958 - 0.301ms returns 0
T36C0 000:309.967 JLINK_CORESIGHT_WriteAPDPReg(AP reg 0x01, 0x80011140)
T36C0 000:310.310 - 0.342ms returns 0
T36C0 000:310.334 JLINK_CORESIGHT_ReadAPDPReg(AP reg 0x03)
T36C0 000:310.565   Value=0x00000002
T36C0 000:310.582 - 0.248ms returns 0
T36C0 000:310.592 JLINK_CORESIGHT_WriteAPDPReg(AP reg 0x00, 0x80000002)
T36C0 000:310.820 - 0.228ms returns 0
T36C0 000:310.828 JLINK_CORESIGHT_WriteAPDPReg(AP reg 0x01, 0x80011120)
T36C0 000:311.008 - 0.180ms returns 0
T36C0 000:311.016 JLINK_CORESIGHT_WriteAPDPReg(AP reg 0x03, 0x3A010001)
T36C0 000:311.174 - 0.158ms returns 0
T36C0 000:311.183 JLINK_CORESIGHT_WriteAPDPReg(AP reg 0x00, 0x80000002)
T36C0 000:311.339 - 0.156ms returns 0
T36C0 000:311.346 JLINK_CORESIGHT_WriteAPDPReg(AP reg 0x01, 0x80011140)
T36C0 000:311.501 - 0.155ms returns 0
T36C0 000:311.508 JLINK_CORESIGHT_ReadAPDPReg(AP reg 0x03)
T36C0 000:311.713   Value=0x00000002
T36C0 000:311.721 - 0.212ms returns 0
T36C0 000:311.727 JLINK_CORESIGHT_WriteAPDPReg(AP reg 0x00, 0x80000002)
T36C0 000:311.902 - 0.175ms returns 0
T36C0 000:311.909 JLINK_CORESIGHT_WriteAPDPReg(AP reg 0x01, 0x80011120)
T36C0 000:312.063 - 0.154ms returns 0
T36C0 000:312.070 JLINK_CORESIGHT_WriteAPDPReg(AP reg 0x03, 0x000003C5)
T36C0 000:312.225 - 0.155ms returns 0
T36C0 000:312.232 JLINK_CORESIGHT_WriteAPDPReg(AP reg 0x00, 0x80000002)
T36C0 000:312.386 - 0.154ms returns 0
T36C0 000:312.392 JLINK_CORESIGHT_WriteAPDPReg(AP reg 0x01, 0x80011140)
T36C0 000:312.548 - 0.155ms returns 0
T36C0 000:312.554 JLINK_CORESIGHT_ReadAPDPReg(AP reg 0x03)
T36C0 000:312.760   Value=0x00000002
T36C0 000:312.767 - 0.212ms returns 0
T36C0 000:312.773 JLINK_CORESIGHT_ReadAPDPReg(AP reg 0x03)
T36C0 000:312.981   Value=0x00000002
T36C0 000:312.988 - 0.215ms returns 0
T36C0 000:312.995 JLINK_CORESIGHT_ReadAPDPReg(AP reg 0x03)
T36C0 000:313.199   Value=0x00000002
T36C0 000:313.206 - 0.211ms returns 0
T36C0 000:313.212 JLINK_CORESIGHT_ReadAPDPReg(AP reg 0x03)
T36C0 000:313.417   Value=0x00000002
T36C0 000:313.424 - 0.211ms returns 0
T36C0 000:313.431 JLINK_CORESIGHT_ReadAPDPReg(AP reg 0x03)
T36C0 000:313.630   Value=0x00000002
T36C0 000:313.638 - 0.208ms returns 0
T36C0 000:313.645 JLINK_CORESIGHT_ReadAPDPReg(AP reg 0x03)
T36C0 000:313.858   Value=0x00000002
T36C0 000:313.867 - 0.221ms returns 0
T36C0 000:313.873 JLINK_CORESIGHT_ReadAPDPReg(AP reg 0x03)
T36C0 000:314.114   Value=0x00000000
T36C0 000:314.121 - 0.247ms returns 0
T36C0 000:314.127 JLINK_CORESIGHT_WriteAPDPReg(AP reg 0x00, 0x80000002)
T36C0 000:314.282 - 0.155ms returns 0
T36C0 000:314.289 JLINK_CORESIGHT_WriteAPDPReg(AP reg 0x01, 0x80011130)
T36C0 000:314.453 - 0.164ms returns 0
T36C0 000:314.459 JLINK_CORESIGHT_ReadAPDPReg(AP reg 0x03)
T36C0 000:314.664   Value=0x3A2A0081
T36C0 000:314.671 - 0.211ms returns 0
T36C0 000:314.678 JLINK_CORESIGHT_WriteAPDPReg(AP reg 0x00, 0x80000002)
T36C0 000:314.830 - 0.152ms returns 0
T36C0 000:314.837 JLINK_CORESIGHT_WriteAPDPReg(AP reg 0x01, 0x80011140)
T36C0 000:315.064 - 0.226ms returns 0
T36C0 000:315.070 JLINK_CORESIGHT_ReadAPDPReg(AP reg 0x03)
T36C0 000:315.275   Value=0x00000000
T36C0 000:315.283 - 0.212ms returns 0
T36C0 000:315.289 JLINK_CORESIGHT_WriteAPDPReg(AP reg 0x00, 0x80000002)
T36C0 000:315.452 - 0.163ms returns 0
T36C0 000:315.459 JLINK_CORESIGHT_WriteAPDPReg(AP reg 0x01, 0x80011130)
T36C0 000:315.614 - 0.155ms returns 0
T36C0 000:315.621 JLINK_CORESIGHT_ReadAPDPReg(AP reg 0x03)
T36C0 000:315.827   Value=0x808D5B00
T36C0 000:315.834 - 0.213ms returns 0
T36C0 000:315.841 JLINK_CORESIGHT_WriteAPDPReg(AP reg 0x00, 0x80000002)
T36C0 000:316.012 - 0.171ms returns 0
T36C0 000:316.019 JLINK_CORESIGHT_WriteAPDPReg(AP reg 0x01, 0x80011140)
T36C0 000:316.173 - 0.154ms returns 0
T36C0 000:316.180 JLINK_CORESIGHT_ReadAPDPReg(AP reg 0x03)
T36C0 000:316.380   Value=0x00000000
T36C0 000:316.387 - 0.207ms returns 0
T36C0 000:316.394 JLINK_CORESIGHT_WriteAPDPReg(AP reg 0x00, 0x80000002)
T36C0 000:316.564 - 0.170ms returns 0
T36C0 000:316.571 JLINK_CORESIGHT_WriteAPDPReg(AP reg 0x01, 0x80011130)
T36C0 000:316.730 - 0.159ms returns 0
T36C0 000:316.737 JLINK_CORESIGHT_ReadAPDPReg(AP reg 0x03)
T36C0 000:316.955   Value=0x0603030B
T36C0 000:316.962 - 0.225ms returns 0
T36C0 000:316.969 JLINK_CORESIGHT_WriteAPDPReg(AP reg 0x00, 0x80000002)
T36C0 000:317.122 - 0.153ms returns 0
T36C0 000:317.129 JLINK_CORESIGHT_WriteAPDPReg(AP reg 0x01, 0x80011140)
T36C0 000:317.283 - 0.154ms returns 0
T36C0 000:317.290 JLINK_CORESIGHT_ReadAPDPReg(AP reg 0x03)
T36C0 000:317.503   Value=0x00000000
T36C0 000:317.510 - 0.220ms returns 0
T36C0 000:317.516 JLINK_CORESIGHT_WriteAPDPReg(AP reg 0x00, 0x80000002)
T36C0 000:317.670 - 0.153ms returns 0
T36C0 000:317.676 JLINK_CORESIGHT_WriteAPDPReg(AP reg 0x01, 0x80011130)
T36C0 000:317.830 - 0.153ms returns 0
T36C0 000:317.837 JLINK_CORESIGHT_ReadAPDPReg(AP reg 0x03)
T36C0 000:318.138   Value=0x2E4B4E20
T36C0 000:318.145 - 0.308ms returns 0
T36C0 000:318.157 JLINK_CORESIGHT_WriteAPDPReg(AP reg 0x00, 0x80000002)
T36C0 000:318.445 - 0.288ms returns 0
T36C0 000:318.818 JLINK_CORESIGHT_WriteAPDPReg(AP reg 0x01, 0x80011140)
T36C0 000:318.981 - 0.167ms returns 0
T36C0 000:318.988 JLINK_CORESIGHT_ReadAPDPReg(AP reg 0x03)
T36C0 000:319.218   Value=0x00000000
T36C0 000:319.226 - 0.237ms returns 0
T36C0 000:319.232 JLINK_CORESIGHT_WriteAPDPReg(AP reg 0x00, 0x80000002)
T36C0 000:319.382 - 0.150ms returns 0
T36C0 000:319.389 JLINK_CORESIGHT_WriteAPDPReg(AP reg 0x01, 0x80011130)
T36C0 000:319.543 - 0.154ms returns 0
T36C0 000:319.550 JLINK_CORESIGHT_ReadAPDPReg(AP reg 0x03)
T36C0 000:319.755   Value=0x4E222F92
T36C0 000:319.762 - 0.212ms returns 0
T36C0 000:319.768 JLINK_CORESIGHT_WriteAPDPReg(AP reg 0x00, 0x80000002)
T36C0 000:319.955 - 0.187ms returns 0
T36C0 000:319.962 JLINK_CORESIGHT_WriteAPDPReg(AP reg 0x01, 0x80011140)
T36C0 000:320.505 - 0.542ms returns 0
T36C0 000:320.526 JLINK_CORESIGHT_ReadAPDPReg(AP reg 0x03)
T36C0 000:320.819   Value=0x00000000
T36C0 000:320.837 - 0.311ms returns 0
T36C0 000:320.847 JLINK_CORESIGHT_WriteAPDPReg(AP reg 0x00, 0x80000002)
T36C0 000:321.015 - 0.167ms returns 0
T36C0 000:321.031 JLINK_CORESIGHT_WriteAPDPReg(AP reg 0x01, 0x80011130)
T36C0 000:321.239 - 0.208ms returns 0
T36C0 000:321.246 JLINK_CORESIGHT_ReadAPDPReg(AP reg 0x03)
T36C0 000:321.509   Value=0x34503036
T36C0 000:321.516 - 0.270ms returns 0
T36C0 000:321.523 JLINK_CORESIGHT_WriteAPDPReg(AP reg 0x00, 0x80000002)
T36C0 000:321.728 - 0.205ms returns 0
T36C0 000:321.735 JLINK_CORESIGHT_WriteAPDPReg(AP reg 0x01, 0x80011140)
T36C0 000:321.953 - 0.218ms returns 0
T36C0 000:321.958 JLINK_CORESIGHT_ReadAPDPReg(AP reg 0x03)
T36C0 000:322.206   Value=0x00000000
T36C0 000:322.212 - 0.253ms returns 0
T36C0 000:322.217 JLINK_CORESIGHT_WriteAPDPReg(AP reg 0x00, 0x80000002)
T36C0 000:322.416 - 0.199ms returns 0
T36C0 000:322.421 JLINK_CORESIGHT_WriteAPDPReg(AP reg 0x01, 0x80011130)
T36C0 000:322.681 - 0.260ms returns 0
T36C0 000:322.687 JLINK_CORESIGHT_ReadAPDPReg(AP reg 0x03)
T36C0 000:322.952   Value=0x5F142D36
T36C0 000:322.958 - 0.271ms returns 0
T36C0 000:322.963 JLINK_CORESIGHT_WriteAPDPReg(AP reg 0x00, 0x80000002)
T36C0 000:323.109 - 0.146ms returns 0
T36C0 000:323.114 JLINK_CORESIGHT_WriteAPDPReg(AP reg 0x01, 0x80011140)
T36C0 000:323.293 - 0.179ms returns 0
T36C0 000:323.298 JLINK_CORESIGHT_ReadAPDPReg(AP reg 0x03)
T36C0 000:323.611   Value=0x00000000
T36C0 000:323.622 - 0.324ms returns 0
T36C0 000:323.629 JLINK_CORESIGHT_WriteAPDPReg(AP reg 0x00, 0x80000002)
T36C0 000:323.783 - 0.153ms returns 0
T36C0 000:323.790 JLINK_CORESIGHT_WriteAPDPReg(AP reg 0x01, 0x80011130)
T36C0 000:323.952 - 0.162ms returns 0
T36C0 000:323.958 JLINK_CORESIGHT_ReadAPDPReg(AP reg 0x03)
T36C0 000:324.178   Value=0x4637526E
T36C0 000:324.184 - 0.226ms returns 0
T36C0 000:324.189 JLINK_CORESIGHT_WriteAPDPReg(AP reg 0x00, 0x80000002)
T36C0 000:324.435 - 0.246ms returns 0
T36C0 000:324.440 JLINK_CORESIGHT_WriteAPDPReg(AP reg 0x01, 0x80011140)
T36C0 000:324.582 - 0.141ms returns 0
T36C0 000:324.587 JLINK_CORESIGHT_ReadAPDPReg(AP reg 0x03)
T36C0 000:324.783   Value=0x00000000
T36C0 000:324.789 - 0.201ms returns 0
T36C0 000:324.793 JLINK_CORESIGHT_WriteAPDPReg(AP reg 0x00, 0x80000002)
T36C0 000:324.952 - 0.158ms returns 0
T36C0 000:324.957 JLINK_CORESIGHT_WriteAPDPReg(AP reg 0x01, 0x80011130)
T36C0 000:325.101 - 0.144ms returns 0
T36C0 000:325.106 JLINK_CORESIGHT_ReadAPDPReg(AP reg 0x03)
T36C0 000:325.302   Value=0x31443841
T36C0 000:325.307 - 0.201ms returns 0
T36C0 000:325.312 JLINK_CORESIGHT_WriteAPDPReg(AP reg 0x00, 0x80000002)
T36C0 000:325.561 - 0.249ms returns 0
T36C0 000:325.566 JLINK_CORESIGHT_WriteAPDPReg(AP reg 0x01, 0x80011140)
T36C0 000:325.711 - 0.145ms returns 0
T36C0 000:325.716 JLINK_CORESIGHT_ReadAPDPReg(AP reg 0x03)
T36C0 000:325.952   Value=0x00000000
T36C0 000:325.957 - 0.240ms returns 0
T36C0 000:325.962 JLINK_CORESIGHT_WriteAPDPReg(AP reg 0x00, 0x80000002)
T36C0 000:326.111 - 0.149ms returns 0
T36C0 000:326.116 JLINK_CORESIGHT_WriteAPDPReg(AP reg 0x01, 0x80011130)
T36C0 000:326.288 - 0.172ms returns 0
T36C0 000:326.297 JLINK_CORESIGHT_ReadAPDPReg(AP reg 0x03)
T36C0 000:326.608   Value=0x43454842
T36C0 000:326.614 - 0.317ms returns 0
T36C0 000:326.619 JLINK_CORESIGHT_WriteAPDPReg(AP reg 0x00, 0x80000002)
T36C0 000:326.764 - 0.145ms returns 0
T36C0 000:326.769 JLINK_CORESIGHT_WriteAPDPReg(AP reg 0x01, 0x80011140)
T36C0 000:326.952 - 0.182ms returns 0
T36C0 000:326.957 JLINK_CORESIGHT_ReadAPDPReg(AP reg 0x03)
T36C0 000:327.176   Value=0x00000000
T36C0 000:327.181 - 0.224ms returns 0
T36C0 000:327.186 JLINK_CORESIGHT_WriteAPDPReg(AP reg 0x00, 0x80000002)
T36C0 000:327.332 - 0.145ms returns 0
T36C0 000:327.337 JLINK_CORESIGHT_WriteAPDPReg(AP reg 0x01, 0x80011130)
T36C0 000:327.482 - 0.145ms returns 0
T36C0 000:327.487 JLINK_CORESIGHT_ReadAPDPReg(AP reg 0x03)
T36C0 000:327.682   Value=0x20204442
T36C0 000:327.687 - 0.200ms returns 0
T36C0 000:327.692 JLINK_CORESIGHT_WriteAPDPReg(AP reg 0x00, 0x80000002)
T36C0 000:327.836 - 0.144ms returns 0
T36C0 000:327.841 JLINK_CORESIGHT_WriteAPDPReg(AP reg 0x01, 0x80011140)
T36C0 000:328.059 - 0.218ms returns 0
T36C0 000:328.065 JLINK_CORESIGHT_ReadAPDPReg(AP reg 0x03)
T36C0 000:328.260   Value=0x00000000
T36C0 000:328.266 - 0.201ms returns 0
T36C0 000:328.308 JLINK_CORESIGHT_WriteAPDPReg(AP reg 0x00, 0x80000002)
T36C0 000:328.480 - 0.172ms returns 0
T36C0 000:328.486 JLINK_CORESIGHT_WriteAPDPReg(AP reg 0x01, 0x80011130)
T36C0 000:328.637 - 0.150ms returns 0
T36C0 000:328.641 JLINK_CORESIGHT_ReadAPDPReg(AP reg 0x03)
T36C0 000:328.839   Value=0x00032220
T36C0 000:328.844 - 0.203ms returns 0
T36C0 000:328.888 JLINK_CORESIGHT_WriteAPDPReg(AP reg 0x00, 0x80000002)
T36C0 000:329.061 - 0.173ms returns 0
T36C0 000:329.066 JLINK_CORESIGHT_WriteAPDPReg(AP reg 0x01, 0x80011140)
T36C0 000:329.213 - 0.146ms returns 0
T36C0 000:329.218 JLINK_CORESIGHT_ReadAPDPReg(AP reg 0x03)
T36C0 000:329.415   Value=0x00000002
T36C0 000:329.420 - 0.202ms returns 0
T36C0 000:329.425 JLINK_CORESIGHT_WriteAPDPReg(AP reg 0x00, 0x80000002)
T36C0 000:329.574 - 0.149ms returns 0
T36C0 000:329.579 JLINK_CORESIGHT_WriteAPDPReg(AP reg 0x01, 0x80011120)
T36C0 000:329.723 - 0.144ms returns 0
T36C0 000:329.728 JLINK_CORESIGHT_WriteAPDPReg(AP reg 0x03, 0x2C010001)
T36C0 000:329.875 - 0.146ms returns 0
T36C0 000:329.880 JLINK_CORESIGHT_WriteAPDPReg(AP reg 0x00, 0x80000002)
T36C0 000:330.060 - 0.180ms returns 0
T36C0 000:330.065 JLINK_CORESIGHT_WriteAPDPReg(AP reg 0x01, 0x80011140)
T36C0 000:330.212 - 0.147ms returns 0
T36C0 000:330.217 JLINK_CORESIGHT_ReadAPDPReg(AP reg 0x03)
T36C0 000:330.414   Value=0x00000002
T36C0 000:330.419 - 0.202ms returns 0
T36C0 000:330.423 JLINK_CORESIGHT_WriteAPDPReg(AP reg 0x00, 0x80000002)
T36C0 000:330.574 - 0.151ms returns 0
T36C0 000:330.579 JLINK_CORESIGHT_WriteAPDPReg(AP reg 0x01, 0x80011120)
T36C0 000:330.732 - 0.153ms returns 0
T36C0 000:330.737 JLINK_CORESIGHT_WriteAPDPReg(AP reg 0x03, 0x000003D3)
T36C0 000:330.952 - 0.215ms returns 0
T36C0 000:330.957 JLINK_CORESIGHT_WriteAPDPReg(AP reg 0x00, 0x80000002)
T36C0 000:331.104 - 0.147ms returns 0
T36C0 000:331.109 JLINK_CORESIGHT_WriteAPDPReg(AP reg 0x01, 0x80011140)
T36C0 000:331.256 - 0.147ms returns 0
T36C0 000:331.261 JLINK_CORESIGHT_ReadAPDPReg(AP reg 0x03)
T36C0 000:331.458   Value=0x00000002
T36C0 000:331.463 - 0.202ms returns 0
T36C0 000:331.467 JLINK_CORESIGHT_ReadAPDPReg(AP reg 0x03)
T36C0 000:331.660   Value=0x00000002
T36C0 000:331.665 - 0.197ms returns 0
T36C0 000:331.669 JLINK_CORESIGHT_ReadAPDPReg(AP reg 0x03)
T36C0 000:331.873   Value=0x00000002
T36C0 000:331.878 - 0.208ms returns 0
T36C0 000:331.882 JLINK_CORESIGHT_ReadAPDPReg(AP reg 0x03)
T36C0 000:332.109   Value=0x00000000
T36C0 000:332.114 - 0.232ms returns 0
T36C0 000:332.119 JLINK_CORESIGHT_WriteAPDPReg(AP reg 0x00, 0x80000002)
T36C0 000:332.266 - 0.146ms returns 0
T36C0 000:332.270 JLINK_CORESIGHT_WriteAPDPReg(AP reg 0x01, 0x80011130)
T36C0 000:332.417 - 0.146ms returns 0
T36C0 000:332.421 JLINK_CORESIGHT_ReadAPDPReg(AP reg 0x03)
T36C0 000:332.624   Value=0x2C020081
T36C0 000:332.630 - 0.208ms returns 0
T36C0 000:332.634 JLINK_CORESIGHT_WriteAPDPReg(AP reg 0x00, 0x80000002)
T36C0 000:332.781 - 0.146ms returns 0
T36C0 000:332.785 JLINK_CORESIGHT_WriteAPDPReg(AP reg 0x01, 0x80011140)
T36C0 000:332.954 - 0.168ms returns 0
T36C0 000:332.959 JLINK_CORESIGHT_ReadAPDPReg(AP reg 0x03)
T36C0 000:333.299   Value=0x00000000
T36C0 000:333.323 - 0.363ms returns 0
T36C0 000:333.337 JLINK_CORESIGHT_WriteAPDPReg(AP reg 0x00, 0x80000002)
T36C0 000:333.564 - 0.227ms returns 0
T36C0 000:333.572 JLINK_CORESIGHT_WriteAPDPReg(AP reg 0x01, 0x80011130)
T36C0 000:333.727 - 0.155ms returns 0
T36C0 000:333.732 JLINK_CORESIGHT_ReadAPDPReg(AP reg 0x03)
T36C0 000:333.953   Value=0x0003CE04
T36C0 000:333.959 - 0.226ms returns 0
T36C0 000:333.967 JLINK_CORESIGHT_WriteAPDPReg(AP reg 0x00, 0x80000002)
T36C0 000:334.114 - 0.147ms returns 0
T36C0 000:334.119 JLINK_CORESIGHT_WriteAPDPReg(AP reg 0x01, 0x80011140)
T36C0 000:334.266 - 0.146ms returns 0
T36C0 000:334.271 JLINK_CORESIGHT_ReadAPDPReg(AP reg 0x03)
T36C0 000:334.464   Value=0x00000002
T36C0 000:334.470 - 0.199ms returns 0
T36C0 000:334.474 JLINK_CORESIGHT_WriteAPDPReg(AP reg 0x00, 0x80000002)
T36C0 000:334.616 - 0.141ms returns 0
T36C0 000:334.620 JLINK_CORESIGHT_WriteAPDPReg(AP reg 0x01, 0x80011120)
T36C0 000:334.800 - 0.179ms returns 0
T36C0 000:334.805 JLINK_CORESIGHT_WriteAPDPReg(AP reg 0x03, 0x73010001)
T36C0 000:334.978 - 0.173ms returns 0
T36C0 000:334.983 JLINK_CORESIGHT_WriteAPDPReg(AP reg 0x00, 0x80000002)
T36C0 000:335.128 - 0.145ms returns 0
T36C0 000:335.133 JLINK_CORESIGHT_WriteAPDPReg(AP reg 0x01, 0x80011140)
T36C0 000:335.436 - 0.301ms returns 0
T36C0 000:335.456 JLINK_CORESIGHT_ReadAPDPReg(AP reg 0x03)
T36C0 000:335.686   Value=0x00000002
T36C0 000:335.697 - 0.241ms returns 0
T36C0 000:335.702 JLINK_CORESIGHT_WriteAPDPReg(AP reg 0x00, 0x80000002)
T36C0 000:335.954 - 0.251ms returns 0
T36C0 000:335.961 JLINK_CORESIGHT_WriteAPDPReg(AP reg 0x01, 0x80011120)
T36C0 000:336.111 - 0.150ms returns 0
T36C0 000:336.116 JLINK_CORESIGHT_WriteAPDPReg(AP reg 0x03, 0x0000038C)
T36C0 000:336.265 - 0.148ms returns 0
T36C0 000:336.270 JLINK_CORESIGHT_WriteAPDPReg(AP reg 0x00, 0x80000002)
T36C0 000:336.418 - 0.148ms returns 0
T36C0 000:336.423 JLINK_CORESIGHT_WriteAPDPReg(AP reg 0x01, 0x80011140)
T36C0 000:336.574 - 0.151ms returns 0
T36C0 000:336.579 JLINK_CORESIGHT_ReadAPDPReg(AP reg 0x03)
T36C0 000:336.778   Value=0x00000002
T36C0 000:336.783 - 0.204ms returns 0
T36C0 000:336.788 JLINK_CORESIGHT_ReadAPDPReg(AP reg 0x03)
T36C0 000:336.978   Value=0x00000002
T36C0 000:336.983 - 0.195ms returns 0
T36C0 000:336.987 JLINK_CORESIGHT_ReadAPDPReg(AP reg 0x03)
T36C0 000:337.183   Value=0x00000000
T36C0 000:337.188 - 0.200ms returns 0
T36C0 000:337.192 JLINK_CORESIGHT_WriteAPDPReg(AP reg 0x00, 0x80000002)
T36C0 000:337.339 - 0.147ms returns 0
T36C0 000:337.345 JLINK_CORESIGHT_WriteAPDPReg(AP reg 0x01, 0x80011130)
T36C0 000:339.305 - 1.954ms returns 0
T36C0 000:339.321 JLINK_CORESIGHT_ReadAPDPReg(AP reg 0x03)
T36C0 000:339.525   Value=0x73020081
T36C0 000:339.531 - 0.209ms returns 0
T36C0 000:339.535 JLINK_CORESIGHT_WriteAPDPReg(AP reg 0x00, 0x80000002)
T36C0 000:339.702 - 0.166ms returns 0
T36C0 000:339.707 JLINK_CORESIGHT_WriteAPDPReg(AP reg 0x01, 0x80011140)
T36C0 000:339.862 - 0.155ms returns 0
T36C0 000:339.867 JLINK_CORESIGHT_ReadAPDPReg(AP reg 0x03)
T36C0 000:340.146   Value=0x00000000
T36C0 000:340.151 - 0.284ms returns 0
T36C0 000:340.156 JLINK_CORESIGHT_WriteAPDPReg(AP reg 0x00, 0x80000002)
T36C0 000:340.305 - 0.149ms returns 0
T36C0 000:340.310 JLINK_CORESIGHT_WriteAPDPReg(AP reg 0x01, 0x80011130)
T36C0 000:340.561 - 0.250ms returns 0
T36C0 000:340.566 JLINK_CORESIGHT_ReadAPDPReg(AP reg 0x03)
T36C0 000:340.763   Value=0x00038902
T36C0 000:340.768 - 0.202ms returns 0
T36C0 000:340.773 JLINK_CORESIGHT_WriteAPDPReg(AP reg 0x00, 0x80000002)
T36C0 000:340.952 - 0.179ms returns 0
T36C0 000:340.957 JLINK_CORESIGHT_WriteAPDPReg(AP reg 0x01, 0x80011140)
T36C0 000:341.104 - 0.147ms returns 0
T36C0 000:341.109 JLINK_CORESIGHT_ReadAPDPReg(AP reg 0x03)
T36C0 000:341.306   Value=0x00000002
T36C0 000:341.311 - 0.202ms returns 0
T36C0 000:341.316 JLINK_CORESIGHT_WriteAPDPReg(AP reg 0x00, 0x80000002)
T36C0 000:341.565 - 0.249ms returns 0
T36C0 000:341.569 JLINK_CORESIGHT_WriteAPDPReg(AP reg 0x01, 0x80011120)
T36C0 000:341.717 - 0.148ms returns 0
T36C0 000:341.722 JLINK_CORESIGHT_WriteAPDPReg(AP reg 0x03, 0x75010001)
T36C0 000:341.869 - 0.147ms returns 0
T36C0 000:341.874 JLINK_CORESIGHT_WriteAPDPReg(AP reg 0x00, 0x80000002)
T36C0 000:342.060 - 0.185ms returns 0
T36C0 000:342.065 JLINK_CORESIGHT_WriteAPDPReg(AP reg 0x01, 0x80011140)
T36C0 000:342.207 - 0.142ms returns 0
T36C0 000:342.212 JLINK_CORESIGHT_ReadAPDPReg(AP reg 0x03)
T36C0 000:342.410   Value=0x00000002
T36C0 000:342.415 - 0.203ms returns 0
T36C0 000:342.419 JLINK_CORESIGHT_WriteAPDPReg(AP reg 0x00, 0x80000002)
T36C0 000:342.577 - 0.157ms returns 0
T36C0 000:342.585 JLINK_CORESIGHT_WriteAPDPReg(AP reg 0x01, 0x80011120)
T36C0 000:342.734 - 0.148ms returns 0
T36C0 000:342.739 JLINK_CORESIGHT_WriteAPDPReg(AP reg 0x03, 0x0000038A)
T36C0 000:342.952 - 0.213ms returns 0
T36C0 000:342.957 JLINK_CORESIGHT_WriteAPDPReg(AP reg 0x00, 0x80000002)
T36C0 000:343.105 - 0.148ms returns 0
T36C0 000:343.111 JLINK_CORESIGHT_WriteAPDPReg(AP reg 0x01, 0x80011140)
T36C0 000:343.254 - 0.143ms returns 0
T36C0 000:343.259 JLINK_CORESIGHT_ReadAPDPReg(AP reg 0x03)
T36C0 000:343.455   Value=0x00000002
T36C0 000:343.461 - 0.202ms returns 0
T36C0 000:343.465 JLINK_CORESIGHT_ReadAPDPReg(AP reg 0x03)
T36C0 000:343.664   Value=0x00000000
T36C0 000:343.670 - 0.205ms returns 0
T36C0 000:343.678 JLINK_CORESIGHT_WriteAPDPReg(AP reg 0x00, 0x80000002)
T36C0 000:343.827 - 0.149ms returns 0
T36C0 000:343.834 JLINK_CORESIGHT_WriteAPDPReg(AP reg 0x01, 0x80011130)
T36C0 000:344.003 - 0.168ms returns 0
T36C0 000:344.010 JLINK_CORESIGHT_ReadAPDPReg(AP reg 0x03)
T36C0 000:344.207   Value=0x75020081
T36C0 000:344.214 - 0.204ms returns 0
T36C0 000:344.221 JLINK_CORESIGHT_WriteAPDPReg(AP reg 0x00, 0x80000002)
T36C0 000:344.368 - 0.147ms returns 0
T36C0 000:344.375 JLINK_CORESIGHT_WriteAPDPReg(AP reg 0x01, 0x80011140)
T36C0 000:344.522 - 0.146ms returns 0
T36C0 000:344.528 JLINK_CORESIGHT_ReadAPDPReg(AP reg 0x03)
T36C0 000:344.727   Value=0x00000000
T36C0 000:344.733 - 0.204ms returns 0
T36C0 000:344.740 JLINK_CORESIGHT_WriteAPDPReg(AP reg 0x00, 0x80000002)
T36C0 000:344.960 - 0.220ms returns 0
T36C0 000:344.977 JLINK_CORESIGHT_WriteAPDPReg(AP reg 0x01, 0x80011130)
T36C0 000:345.128 - 0.151ms returns 0
T36C0 000:345.135 JLINK_CORESIGHT_ReadAPDPReg(AP reg 0x03)
T36C0 000:345.335   Value=0x00038702
T36C0 000:345.341 - 0.206ms returns 0
T36C0 000:345.578 JLINK_CORESIGHT_WriteAPDPReg(AP reg 0x00, 0x80000002)
T36C0 000:345.728 - 0.150ms returns 0
T36C0 000:345.733 JLINK_CORESIGHT_WriteAPDPReg(AP reg 0x01, 0x80011140)
T36C0 000:345.953 - 0.220ms returns 0
T36C0 000:345.958 JLINK_CORESIGHT_ReadAPDPReg(AP reg 0x03)
T36C0 000:346.180   Value=0x00000002
T36C0 000:346.185 - 0.226ms returns 0
T36C0 000:346.190 JLINK_CORESIGHT_WriteAPDPReg(AP reg 0x00, 0x80000002)
T36C0 000:346.437 - 0.247ms returns 0
T36C0 000:346.447 JLINK_CORESIGHT_WriteAPDPReg(AP reg 0x01, 0x80011120)
T36C0 000:346.605 - 0.157ms returns 0
T36C0 000:346.610 JLINK_CORESIGHT_WriteAPDPReg(AP reg 0x03, 0x4F010001)
T36C0 000:346.756 - 0.146ms returns 0
T36C0 000:346.761 JLINK_CORESIGHT_WriteAPDPReg(AP reg 0x00, 0x80000002)
T36C0 000:346.952 - 0.190ms returns 0
T36C0 000:346.957 JLINK_CORESIGHT_WriteAPDPReg(AP reg 0x01, 0x80011140)
T36C0 000:347.103 - 0.146ms returns 0
T36C0 000:347.108 JLINK_CORESIGHT_ReadAPDPReg(AP reg 0x03)
T36C0 000:347.305   Value=0x00000002
T36C0 000:347.311 - 0.202ms returns 0
T36C0 000:347.316 JLINK_CORESIGHT_WriteAPDPReg(AP reg 0x00, 0x80000002)
T36C0 000:347.566 - 0.250ms returns 0
T36C0 000:347.572 JLINK_CORESIGHT_WriteAPDPReg(AP reg 0x01, 0x80011120)
T36C0 000:347.721 - 0.148ms returns 0
T36C0 000:347.726 JLINK_CORESIGHT_WriteAPDPReg(AP reg 0x03, 0x000003B0)
T36C0 000:347.875 - 0.149ms returns 0
T36C0 000:347.880 JLINK_CORESIGHT_WriteAPDPReg(AP reg 0x00, 0x80000002)
T36C0 000:348.055 - 0.175ms returns 0
T36C0 000:348.060 JLINK_CORESIGHT_WriteAPDPReg(AP reg 0x01, 0x80011140)
T36C0 000:348.207 - 0.147ms returns 0
T36C0 000:348.212 JLINK_CORESIGHT_ReadAPDPReg(AP reg 0x03)
T36C0 000:348.410   Value=0x00000000
T36C0 000:348.415 - 0.203ms returns 0
T36C0 000:348.420 JLINK_CORESIGHT_WriteAPDPReg(AP reg 0x00, 0x80000002)
T36C0 000:348.575 - 0.155ms returns 0
T36C0 000:348.580 JLINK_CORESIGHT_WriteAPDPReg(AP reg 0x01, 0x80011130)
T36C0 000:348.727 - 0.148ms returns 0
T36C0 000:348.732 JLINK_CORESIGHT_ReadAPDPReg(AP reg 0x03)
T36C0 000:348.953   Value=0x4F0B0081
T36C0 000:348.958 - 0.225ms returns 0
T36C0 000:348.962 JLINK_CORESIGHT_WriteAPDPReg(AP reg 0x00, 0x80000002)
T36C0 000:349.109 - 0.147ms returns 0
T36C0 000:349.114 JLINK_CORESIGHT_WriteAPDPReg(AP reg 0x01, 0x80011140)
T36C0 000:349.261 - 0.147ms returns 0
T36C0 000:349.266 JLINK_CORESIGHT_ReadAPDPReg(AP reg 0x03)
T36C0 000:349.461   Value=0x00000000
T36C0 000:349.467 - 0.201ms returns 0
T36C0 000:349.471 JLINK_CORESIGHT_WriteAPDPReg(AP reg 0x00, 0x80000002)
T36C0 000:349.618 - 0.146ms returns 0
T36C0 000:349.625 JLINK_CORESIGHT_WriteAPDPReg(AP reg 0x01, 0x80011130)
T36C0 000:349.773 - 0.147ms returns 0
T36C0 000:349.777 JLINK_CORESIGHT_ReadAPDPReg(AP reg 0x03)
T36C0 000:349.978   Value=0x40000000
T36C0 000:349.983 - 0.205ms returns 0
T36C0 000:349.987 JLINK_CORESIGHT_WriteAPDPReg(AP reg 0x00, 0x80000002)
T36C0 000:350.159 - 0.171ms returns 0
T36C0 000:350.164 JLINK_CORESIGHT_WriteAPDPReg(AP reg 0x01, 0x80011140)
T36C0 000:350.437 - 0.273ms returns 0
T36C0 000:350.445 JLINK_CORESIGHT_ReadAPDPReg(AP reg 0x03)
T36C0 000:350.668   Value=0x00000000
T36C0 000:350.674 - 0.229ms returns 0
T36C0 000:350.679 JLINK_CORESIGHT_WriteAPDPReg(AP reg 0x00, 0x80000002)
T36C0 000:350.843 - 0.164ms returns 0
T36C0 000:350.851 JLINK_CORESIGHT_WriteAPDPReg(AP reg 0x01, 0x80011130)
T36C0 000:351.067 - 0.216ms returns 0
T36C0 000:351.072 JLINK_CORESIGHT_ReadAPDPReg(AP reg 0x03)
T36C0 000:351.281   Value=0x00000000
T36C0 000:351.287 - 0.214ms returns 0
T36C0 000:351.291 JLINK_CORESIGHT_WriteAPDPReg(AP reg 0x00, 0x80000002)
T36C0 000:351.448 - 0.157ms returns 0
T36C0 000:351.453 JLINK_CORESIGHT_WriteAPDPReg(AP reg 0x01, 0x80011140)
T36C0 000:351.610 - 0.156ms returns 0
T36C0 000:351.615 JLINK_CORESIGHT_ReadAPDPReg(AP reg 0x03)
T36C0 000:351.819   Value=0x00000000
T36C0 000:351.824 - 0.209ms returns 0
T36C0 000:351.828 JLINK_CORESIGHT_WriteAPDPReg(AP reg 0x00, 0x80000002)
T36C0 000:351.982 - 0.153ms returns 0
T36C0 000:351.987 JLINK_CORESIGHT_WriteAPDPReg(AP reg 0x01, 0x80011130)
T36C0 000:352.137 - 0.150ms returns 0
T36C0 000:352.141 JLINK_CORESIGHT_ReadAPDPReg(AP reg 0x03)
T36C0 000:352.649   Value=0x03660000
T36C0 000:352.658 - 0.516ms returns 0
T36C0 000:352.707 JLINK_CORESIGHT_ReadAPDPReg(DP reg 0x01)
T36C0 000:352.878   Value=0xF0000F40
T36C0 000:352.883 - 0.177ms returns 0
T36C0 000:352.888 JLINK_CORESIGHT_WriteAPDPReg(DP reg 0x01, 0xA0000F40)
T36C0 000:353.060 - 0.172ms returns 0
T36C0 000:353.065 JLINK_CORESIGHT_ReadAPDPReg(DP reg 0x01)
T36C0 000:353.239   Value=0x00000F40
T36C0 000:353.244 - 0.179ms returns 0
T36C0 000:353.248 JLINK_ClrRESET()
T36C0 000:353.390 - 0.141ms 
T36C0 000:460.710 JLINK_Close()
T36C0 000:468.973 - 8.261ms
T36C0 000:468.998   
T36C0 000:469.002   Closed
